[v11_persistant_overlap_global] M=4096 N=4096 K=512 dtype='fp16': ✅ Triton and Torch match
[v11_persistant_overlap_global] M=4096 N=4096 K=1024 dtype='fp16': ✅ Triton and Torch match
[v11_persistant_overlap_global] M=4096 N=4096 K=2048 dtype='fp16': ✅ Triton and Torch match
[v11_persistant_overlap_global] M=4096 N=4096 K=3072 dtype='fp16': ✅ Triton and Torch match
[v11_persistant_overlap_global] M=4096 N=4096 K=4096 dtype='fp16': ✅ Triton and Torch match
[v11_persistant_overlap_global] M=4096 N=4096 K=8192 dtype='fp16': ✅ Triton and Torch match
[v11_persistant_overlap_global] M=4096 N=4096 K=16384 dtype='fp16': ✅ Triton and Torch match
[v11_persistant_overlap_global] M=4096 N=4096 K=32768 dtype='fp16': ✅ Triton and Torch match
[v11_persistant_overlap_global] M=4096 N=4096 K=512 dtype='bf16': ✅ Triton and Torch match
[v11_persistant_overlap_global] M=4096 N=4096 K=1024 dtype='bf16': ✅ Triton and Torch match
[v11_persistant_overlap_global] M=4096 N=4096 K=2048 dtype='bf16': ✅ Triton and Torch match
[v11_persistant_overlap_global] M=4096 N=4096 K=3072 dtype='bf16': ✅ Triton and Torch match
[v11_persistant_overlap_global] M=4096 N=4096 K=4096 dtype='bf16': ✅ Triton and Torch match
[v11_persistant_overlap_global] M=4096 N=4096 K=8192 dtype='bf16': ✅ Triton and Torch match
[v11_persistant_overlap_global] M=4096 N=4096 K=16384 dtype='bf16': ✅ Triton and Torch match
[v11_persistant_overlap_global] M=4096 N=4096 K=32768 dtype='bf16': ✅ Triton and Torch match

v11_persistant_overlap_global:
matmul-performance-v11_persistant_overlap_global:
        M       N        K  fp16 (TFLOPS)  bf16 (TFLOPS)
0  4096.0  4096.0    512.0     151.898470     155.051577
1  4096.0  4096.0   1024.0     321.116052     327.358749
2  4096.0  4096.0   2048.0     668.477421     675.574894
3  4096.0  4096.0   3072.0    1023.830095    1020.576164
4  4096.0  4096.0   4096.0    1244.005319    1323.564640
5  4096.0  4096.0   8192.0    1332.408650    1419.230098
6  4096.0  4096.0  16384.0    1363.946791    1457.608048
7  4096.0  4096.0  32768.0    1252.996154    1235.897914
