[v10_persistant] M=4096 N=4096 K=512 dtype='fp16': ✅ Triton and Torch match
[v10_persistant] M=4096 N=4096 K=1024 dtype='fp16': ✅ Triton and Torch match
[v10_persistant] M=4096 N=4096 K=2048 dtype='fp16': ✅ Triton and Torch match
[v10_persistant] M=4096 N=4096 K=3072 dtype='fp16': ✅ Triton and Torch match
[v10_persistant] M=4096 N=4096 K=4096 dtype='fp16': ✅ Triton and Torch match
[v10_persistant] M=4096 N=4096 K=8192 dtype='fp16': ✅ Triton and Torch match
[v10_persistant] M=4096 N=4096 K=16384 dtype='fp16': ✅ Triton and Torch match
[v10_persistant] M=4096 N=4096 K=32768 dtype='fp16': ✅ Triton and Torch match
[v10_persistant] M=4096 N=4096 K=512 dtype='bf16': ✅ Triton and Torch match
[v10_persistant] M=4096 N=4096 K=1024 dtype='bf16': ✅ Triton and Torch match
[v10_persistant] M=4096 N=4096 K=2048 dtype='bf16': ✅ Triton and Torch match
[v10_persistant] M=4096 N=4096 K=3072 dtype='bf16': ✅ Triton and Torch match
[v10_persistant] M=4096 N=4096 K=4096 dtype='bf16': ✅ Triton and Torch match
[v10_persistant] M=4096 N=4096 K=8192 dtype='bf16': ✅ Triton and Torch match
[v10_persistant] M=4096 N=4096 K=16384 dtype='bf16': ✅ Triton and Torch match
[v10_persistant] M=4096 N=4096 K=32768 dtype='bf16': ✅ Triton and Torch match

v10_persistant (bias):
matmul-performance-v10_persistant-bias:
        M       N        K  fp16 (TFLOPS)  bf16 (TFLOPS)
0  4096.0  4096.0    512.0     141.863975     145.345149
1  4096.0  4096.0   1024.0     318.851323     316.851906
2  4096.0  4096.0   2048.0     677.700180     676.502639
3  4096.0  4096.0   3072.0    1000.759377    1001.148190
4  4096.0  4096.0   4096.0    1238.177617    1316.957068
5  4096.0  4096.0   8192.0    1322.793961    1410.491110
6  4096.0  4096.0  16384.0    1358.084034    1451.144142
7  4096.0  4096.0  32768.0    1253.882050    1235.231462
