[v10_persistant] M=4096 N=4096 K=512 dtype='fp16': ✅ Triton and Torch match
[v10_persistant] M=4096 N=4096 K=1024 dtype='fp16': ✅ Triton and Torch match
[v10_persistant] M=4096 N=4096 K=2048 dtype='fp16': ✅ Triton and Torch match
[v10_persistant] M=4096 N=4096 K=3072 dtype='fp16': ✅ Triton and Torch match
[v10_persistant] M=4096 N=4096 K=4096 dtype='fp16': ✅ Triton and Torch match
[v10_persistant] M=4096 N=4096 K=8192 dtype='fp16': ✅ Triton and Torch match
[v10_persistant] M=4096 N=4096 K=16384 dtype='fp16': ✅ Triton and Torch match
[v10_persistant] M=4096 N=4096 K=32768 dtype='fp16': ✅ Triton and Torch match
[v10_persistant] M=4096 N=4096 K=512 dtype='bf16': ✅ Triton and Torch match
[v10_persistant] M=4096 N=4096 K=1024 dtype='bf16': ✅ Triton and Torch match
[v10_persistant] M=4096 N=4096 K=2048 dtype='bf16': ✅ Triton and Torch match
[v10_persistant] M=4096 N=4096 K=3072 dtype='bf16': ✅ Triton and Torch match
[v10_persistant] M=4096 N=4096 K=4096 dtype='bf16': ✅ Triton and Torch match
[v10_persistant] M=4096 N=4096 K=8192 dtype='bf16': ✅ Triton and Torch match
[v10_persistant] M=4096 N=4096 K=16384 dtype='bf16': ✅ Triton and Torch match
[v10_persistant] M=4096 N=4096 K=32768 dtype='bf16': ✅ Triton and Torch match

v10_persistant (bias):
matmul-performance-v10_persistant-bias:
        M       N        K  fp16 (TFLOPS)  bf16 (TFLOPS)
0  4096.0  4096.0    512.0     640.084557     670.041709
1  4096.0  4096.0   1024.0     862.421585     891.997341
2  4096.0  4096.0   2048.0    1022.595992    1066.410302
3  4096.0  4096.0   3072.0    1078.223190    1137.237577
4  4096.0  4096.0   4096.0    1111.237393    1174.280418
5  4096.0  4096.0   8192.0    1181.147837    1250.115568
6  4096.0  4096.0  16384.0    1209.309728    1289.831382
7  4096.0  4096.0  32768.0    1227.289658    1302.082455
