[v13_persistant_peel_acc] M=4096 N=4096 K=512 dtype='fp16': ✅ Triton and Torch match
[v13_persistant_peel_acc] M=4096 N=4096 K=1024 dtype='fp16': ✅ Triton and Torch match
[v13_persistant_peel_acc] M=4096 N=4096 K=2048 dtype='fp16': ✅ Triton and Torch match
[v13_persistant_peel_acc] M=4096 N=4096 K=3072 dtype='fp16': ✅ Triton and Torch match
[v13_persistant_peel_acc] M=4096 N=4096 K=4096 dtype='fp16': ✅ Triton and Torch match
[v13_persistant_peel_acc] M=4096 N=4096 K=8192 dtype='fp16': ✅ Triton and Torch match
[v13_persistant_peel_acc] M=4096 N=4096 K=16384 dtype='fp16': ✅ Triton and Torch match
[v13_persistant_peel_acc] M=4096 N=4096 K=32768 dtype='fp16': ✅ Triton and Torch match
[v13_persistant_peel_acc] M=4096 N=4096 K=512 dtype='bf16': ✅ Triton and Torch match
[v13_persistant_peel_acc] M=4096 N=4096 K=1024 dtype='bf16': ✅ Triton and Torch match
[v13_persistant_peel_acc] M=4096 N=4096 K=2048 dtype='bf16': ✅ Triton and Torch match
[v13_persistant_peel_acc] M=4096 N=4096 K=3072 dtype='bf16': ✅ Triton and Torch match
[v13_persistant_peel_acc] M=4096 N=4096 K=4096 dtype='bf16': ✅ Triton and Torch match
[v13_persistant_peel_acc] M=4096 N=4096 K=8192 dtype='bf16': ✅ Triton and Torch match
[v13_persistant_peel_acc] M=4096 N=4096 K=16384 dtype='bf16': ✅ Triton and Torch match
[v13_persistant_peel_acc] M=4096 N=4096 K=32768 dtype='bf16': ✅ Triton and Torch match

v13_persistant_peel_acc (bias):
matmul-performance-v13_persistant_peel_acc-bias:
        M       N        K  fp16 (TFLOPS)  bf16 (TFLOPS)
0  4096.0  4096.0    512.0     140.449055     152.303802
1  4096.0  4096.0   1024.0     306.999930     319.325450
2  4096.0  4096.0   2048.0     673.449669     670.303152
3  4096.0  4096.0   3072.0    1011.760954    1012.168286
4  4096.0  4096.0   4096.0    1235.517386    1314.438003
5  4096.0  4096.0   8192.0    1320.252539    1410.201592
6  4096.0  4096.0  16384.0    1359.896473    1453.599805
7  4096.0  4096.0  32768.0    1265.718110    1248.613571
