[v0_naive] M=4096 N=4096 K=512 dtype='fp16': ✅ Triton and Torch match
[v0_naive] M=4096 N=4096 K=1024 dtype='fp16': ✅ Triton and Torch match
[v0_naive] M=4096 N=4096 K=2048 dtype='fp16': ✅ Triton and Torch match
[v0_naive] M=4096 N=4096 K=3072 dtype='fp16': ✅ Triton and Torch match
[v0_naive] M=4096 N=4096 K=4096 dtype='fp16': ✅ Triton and Torch match
[v0_naive] M=4096 N=4096 K=8192 dtype='fp16': ✅ Triton and Torch match
[v0_naive] M=4096 N=4096 K=16384 dtype='fp16': ✅ Triton and Torch match
[v0_naive] M=4096 N=4096 K=32768 dtype='fp16': ✅ Triton and Torch match
[v0_naive] M=4096 N=4096 K=512 dtype='bf16': ✅ Triton and Torch match
[v0_naive] M=4096 N=4096 K=1024 dtype='bf16': ✅ Triton and Torch match
[v0_naive] M=4096 N=4096 K=2048 dtype='bf16': ✅ Triton and Torch match
[v0_naive] M=4096 N=4096 K=3072 dtype='bf16': ✅ Triton and Torch match
[v0_naive] M=4096 N=4096 K=4096 dtype='bf16': ✅ Triton and Torch match
[v0_naive] M=4096 N=4096 K=8192 dtype='bf16': ✅ Triton and Torch match
[v0_naive] M=4096 N=4096 K=16384 dtype='bf16': ✅ Triton and Torch match
[v0_naive] M=4096 N=4096 K=32768 dtype='bf16': ✅ Triton and Torch match

v0_naive:
matmul-performance-v0_naive:
        M       N        K  fp16 (TFLOPS)  bf16 (TFLOPS)
0  4096.0  4096.0    512.0     387.632441     388.333376
1  4096.0  4096.0   1024.0     479.074988     488.341950
2  4096.0  4096.0   2048.0     538.043693     548.174894
3  4096.0  4096.0   3072.0     556.820756     564.381576
4  4096.0  4096.0   4096.0     573.040756     581.282234
5  4096.0  4096.0   8192.0     543.662478     548.020216
6  4096.0  4096.0  16384.0     554.141292     553.270754
7  4096.0  4096.0  32768.0     502.331942     504.045428
