[v3_lds] M=4096 N=4096 K=512 dtype='fp16': ✅ Triton and Torch match
[v3_lds] M=4096 N=4096 K=1024 dtype='fp16': ✅ Triton and Torch match
[v3_lds] M=4096 N=4096 K=2048 dtype='fp16': ✅ Triton and Torch match
[v3_lds] M=4096 N=4096 K=3072 dtype='fp16': ✅ Triton and Torch match
[v3_lds] M=4096 N=4096 K=4096 dtype='fp16': ✅ Triton and Torch match
[v3_lds] M=4096 N=4096 K=8192 dtype='fp16': ✅ Triton and Torch match
[v3_lds] M=4096 N=4096 K=16384 dtype='fp16': ✅ Triton and Torch match
[v3_lds] M=4096 N=4096 K=32768 dtype='fp16': ✅ Triton and Torch match
[v3_lds] M=4096 N=4096 K=512 dtype='bf16': ✅ Triton and Torch match
[v3_lds] M=4096 N=4096 K=1024 dtype='bf16': ✅ Triton and Torch match
[v3_lds] M=4096 N=4096 K=2048 dtype='bf16': ✅ Triton and Torch match
[v3_lds] M=4096 N=4096 K=3072 dtype='bf16': ✅ Triton and Torch match
[v3_lds] M=4096 N=4096 K=4096 dtype='bf16': ✅ Triton and Torch match
[v3_lds] M=4096 N=4096 K=8192 dtype='bf16': ✅ Triton and Torch match
[v3_lds] M=4096 N=4096 K=16384 dtype='bf16': ✅ Triton and Torch match
[v3_lds] M=4096 N=4096 K=32768 dtype='bf16': ✅ Triton and Torch match

v3_lds:
matmul-performance-v3_lds:
        M       N        K  fp16 (TFLOPS)  bf16 (TFLOPS)
0  4096.0  4096.0    512.0     482.580607     493.674395
1  4096.0  4096.0   1024.0     617.525545     627.907703
2  4096.0  4096.0   2048.0     711.381776     730.436606
3  4096.0  4096.0   3072.0     717.417138     729.397702
4  4096.0  4096.0   4096.0     760.499302     765.246042
5  4096.0  4096.0   8192.0     684.862806     687.739803
6  4096.0  4096.0  16384.0     641.574778     643.797954
7  4096.0  4096.0  32768.0     582.710431     585.440625
