[v12_persistant_overlap_lds] M=4096 N=4096 K=512 dtype='fp16': ✅ Triton and Torch match
[v12_persistant_overlap_lds] M=4096 N=4096 K=1024 dtype='fp16': ✅ Triton and Torch match
[v12_persistant_overlap_lds] M=4096 N=4096 K=2048 dtype='fp16': ✅ Triton and Torch match
[v12_persistant_overlap_lds] M=4096 N=4096 K=3072 dtype='fp16': ✅ Triton and Torch match
[v12_persistant_overlap_lds] M=4096 N=4096 K=4096 dtype='fp16': ✅ Triton and Torch match
[v12_persistant_overlap_lds] M=4096 N=4096 K=8192 dtype='fp16': ✅ Triton and Torch match
[v12_persistant_overlap_lds] M=4096 N=4096 K=16384 dtype='fp16': ✅ Triton and Torch match
[v12_persistant_overlap_lds] M=4096 N=4096 K=32768 dtype='fp16': ✅ Triton and Torch match
[v12_persistant_overlap_lds] M=4096 N=4096 K=512 dtype='bf16': ✅ Triton and Torch match
[v12_persistant_overlap_lds] M=4096 N=4096 K=1024 dtype='bf16': ✅ Triton and Torch match
[v12_persistant_overlap_lds] M=4096 N=4096 K=2048 dtype='bf16': ✅ Triton and Torch match
[v12_persistant_overlap_lds] M=4096 N=4096 K=3072 dtype='bf16': ✅ Triton and Torch match
[v12_persistant_overlap_lds] M=4096 N=4096 K=4096 dtype='bf16': ✅ Triton and Torch match
[v12_persistant_overlap_lds] M=4096 N=4096 K=8192 dtype='bf16': ✅ Triton and Torch match
[v12_persistant_overlap_lds] M=4096 N=4096 K=16384 dtype='bf16': ✅ Triton and Torch match
[v12_persistant_overlap_lds] M=4096 N=4096 K=32768 dtype='bf16': ✅ Triton and Torch match

v12_persistant_overlap_lds (bias):
matmul-performance-v12_persistant_overlap_lds-bias:
        M       N        K  fp16 (TFLOPS)  bf16 (TFLOPS)
0  4096.0  4096.0    512.0     674.249175     697.234965
1  4096.0  4096.0   1024.0     917.728098     957.602545
2  4096.0  4096.0   2048.0    1109.094192    1175.073551
3  4096.0  4096.0   3072.0    1178.843085    1254.600270
4  4096.0  4096.0   4096.0    1220.150339    1304.457568
5  4096.0  4096.0   8192.0    1312.435955    1400.430534
6  4096.0  4096.0  16384.0    1354.071689    1439.897707
7  4096.0  4096.0  32768.0    1257.380855    1238.291985
