[v11_persistant_overlap_global] M=4096 N=4096 K=512 dtype='fp16': ✅ Triton and Torch match
[v11_persistant_overlap_global] M=4096 N=4096 K=1024 dtype='fp16': ✅ Triton and Torch match
[v11_persistant_overlap_global] M=4096 N=4096 K=2048 dtype='fp16': ✅ Triton and Torch match
[v11_persistant_overlap_global] M=4096 N=4096 K=3072 dtype='fp16': ✅ Triton and Torch match
[v11_persistant_overlap_global] M=4096 N=4096 K=4096 dtype='fp16': ✅ Triton and Torch match
[v11_persistant_overlap_global] M=4096 N=4096 K=8192 dtype='fp16': ✅ Triton and Torch match
[v11_persistant_overlap_global] M=4096 N=4096 K=16384 dtype='fp16': ✅ Triton and Torch match
[v11_persistant_overlap_global] M=4096 N=4096 K=32768 dtype='fp16': ✅ Triton and Torch match
[v11_persistant_overlap_global] M=4096 N=4096 K=512 dtype='bf16': ✅ Triton and Torch match
[v11_persistant_overlap_global] M=4096 N=4096 K=1024 dtype='bf16': ✅ Triton and Torch match
[v11_persistant_overlap_global] M=4096 N=4096 K=2048 dtype='bf16': ✅ Triton and Torch match
[v11_persistant_overlap_global] M=4096 N=4096 K=3072 dtype='bf16': ✅ Triton and Torch match
[v11_persistant_overlap_global] M=4096 N=4096 K=4096 dtype='bf16': ✅ Triton and Torch match
[v11_persistant_overlap_global] M=4096 N=4096 K=8192 dtype='bf16': ✅ Triton and Torch match
[v11_persistant_overlap_global] M=4096 N=4096 K=16384 dtype='bf16': ✅ Triton and Torch match
[v11_persistant_overlap_global] M=4096 N=4096 K=32768 dtype='bf16': ✅ Triton and Torch match

v11_persistant_overlap_global (bias):
matmul-performance-v11_persistant_overlap_global-bias:
        M       N        K  fp16 (TFLOPS)  bf16 (TFLOPS)
0  4096.0  4096.0    512.0     140.794944     152.167558
1  4096.0  4096.0   1024.0     315.108436     309.713207
2  4096.0  4096.0   2048.0     667.438599     668.087466
3  4096.0  4096.0   3072.0     985.828503    1000.370866
4  4096.0  4096.0   4096.0    1239.517614    1318.473108
5  4096.0  4096.0   8192.0    1319.995808    1409.333964
6  4096.0  4096.0  16384.0    1355.804815    1447.628662
7  4096.0  4096.0  32768.0    1255.801812    1241.339687
