[v8_sliceMN] M=4096 N=4096 K=512 dtype='fp16': ✅ Triton and Torch match
[v8_sliceMN] M=4096 N=4096 K=1024 dtype='fp16': ✅ Triton and Torch match
[v8_sliceMN] M=4096 N=4096 K=2048 dtype='fp16': ✅ Triton and Torch match
[v8_sliceMN] M=4096 N=4096 K=3072 dtype='fp16': ✅ Triton and Torch match
[v8_sliceMN] M=4096 N=4096 K=4096 dtype='fp16': ✅ Triton and Torch match
[v8_sliceMN] M=4096 N=4096 K=8192 dtype='fp16': ✅ Triton and Torch match
[v8_sliceMN] M=4096 N=4096 K=16384 dtype='fp16': ✅ Triton and Torch match
[v8_sliceMN] M=4096 N=4096 K=32768 dtype='fp16': ✅ Triton and Torch match
[v8_sliceMN] M=4096 N=4096 K=512 dtype='bf16': ✅ Triton and Torch match
[v8_sliceMN] M=4096 N=4096 K=1024 dtype='bf16': ✅ Triton and Torch match
[v8_sliceMN] M=4096 N=4096 K=2048 dtype='bf16': ✅ Triton and Torch match
[v8_sliceMN] M=4096 N=4096 K=3072 dtype='bf16': ✅ Triton and Torch match
[v8_sliceMN] M=4096 N=4096 K=4096 dtype='bf16': ✅ Triton and Torch match
[v8_sliceMN] M=4096 N=4096 K=8192 dtype='bf16': ✅ Triton and Torch match
[v8_sliceMN] M=4096 N=4096 K=16384 dtype='bf16': ✅ Triton and Torch match
[v8_sliceMN] M=4096 N=4096 K=32768 dtype='bf16': ✅ Triton and Torch match

v8_sliceMN:
matmul-performance-v8_sliceMN:
        M       N        K  fp16 (TFLOPS)  bf16 (TFLOPS)
0  4096.0  4096.0    512.0     144.197791     159.781527
1  4096.0  4096.0   1024.0     314.763482     325.990624
2  4096.0  4096.0   2048.0     690.779905     701.498310
3  4096.0  4096.0   3072.0    1029.968193    1029.968193
4  4096.0  4096.0   4096.0    1224.062405    1287.846260
5  4096.0  4096.0   8192.0    1316.458758    1395.879052
6  4096.0  4096.0  16384.0    1324.130503    1337.075104
7  4096.0  4096.0  32768.0    1287.746737    1285.428271
