[v10_persistant] M=4096 N=4096 K=512 dtype='fp16': ✅ Triton and Torch match
[v10_persistant] M=4096 N=4096 K=1024 dtype='fp16': ✅ Triton and Torch match
[v10_persistant] M=4096 N=4096 K=2048 dtype='fp16': ✅ Triton and Torch match
[v10_persistant] M=4096 N=4096 K=3072 dtype='fp16': ✅ Triton and Torch match
[v10_persistant] M=4096 N=4096 K=4096 dtype='fp16': ✅ Triton and Torch match
[v10_persistant] M=4096 N=4096 K=8192 dtype='fp16': ✅ Triton and Torch match
[v10_persistant] M=4096 N=4096 K=16384 dtype='fp16': ✅ Triton and Torch match
[v10_persistant] M=4096 N=4096 K=32768 dtype='fp16': ✅ Triton and Torch match
[v10_persistant] M=4096 N=4096 K=512 dtype='bf16': ✅ Triton and Torch match
[v10_persistant] M=4096 N=4096 K=1024 dtype='bf16': ✅ Triton and Torch match
[v10_persistant] M=4096 N=4096 K=2048 dtype='bf16': ✅ Triton and Torch match
[v10_persistant] M=4096 N=4096 K=3072 dtype='bf16': ✅ Triton and Torch match
[v10_persistant] M=4096 N=4096 K=4096 dtype='bf16': ✅ Triton and Torch match
[v10_persistant] M=4096 N=4096 K=8192 dtype='bf16': ✅ Triton and Torch match
[v10_persistant] M=4096 N=4096 K=16384 dtype='bf16': ✅ Triton and Torch match
[v10_persistant] M=4096 N=4096 K=32768 dtype='bf16': ✅ Triton and Torch match

v10_persistant (bias):
matmul-performance-v10_persistant-bias:
        M       N        K  fp16 (TFLOPS)  bf16 (TFLOPS)
0  4096.0  4096.0    512.0     687.731188     702.940642
1  4096.0  4096.0   1024.0     928.616509     968.425544
2  4096.0  4096.0   2048.0    1119.939292    1179.936067
3  4096.0  4096.0   3072.0    1185.349912    1261.988434
4  4096.0  4096.0   4096.0    1228.010673    1307.435730
5  4096.0  4096.0   8192.0    1313.690449    1396.159179
6  4096.0  4096.0  16384.0    1351.538441    1439.140008
7  4096.0  4096.0  32768.0    1255.084351    1237.624278
