[v9_beyond_hotloop] M=4096 N=4096 K=512 dtype='fp16': ✅ Triton and Torch match
[v9_beyond_hotloop] M=4096 N=4096 K=1024 dtype='fp16': ✅ Triton and Torch match
[v9_beyond_hotloop] M=4096 N=4096 K=2048 dtype='fp16': ✅ Triton and Torch match
[v9_beyond_hotloop] M=4096 N=4096 K=3072 dtype='fp16': ✅ Triton and Torch match
[v9_beyond_hotloop] M=4096 N=4096 K=4096 dtype='fp16': ✅ Triton and Torch match
[v9_beyond_hotloop] M=4096 N=4096 K=8192 dtype='fp16': ✅ Triton and Torch match
[v9_beyond_hotloop] M=4096 N=4096 K=16384 dtype='fp16': ✅ Triton and Torch match
[v9_beyond_hotloop] M=4096 N=4096 K=32768 dtype='fp16': ✅ Triton and Torch match
[v9_beyond_hotloop] M=4096 N=4096 K=512 dtype='bf16': ✅ Triton and Torch match
[v9_beyond_hotloop] M=4096 N=4096 K=1024 dtype='bf16': ✅ Triton and Torch match
[v9_beyond_hotloop] M=4096 N=4096 K=2048 dtype='bf16': ✅ Triton and Torch match
[v9_beyond_hotloop] M=4096 N=4096 K=3072 dtype='bf16': ✅ Triton and Torch match
[v9_beyond_hotloop] M=4096 N=4096 K=4096 dtype='bf16': ✅ Triton and Torch match
[v9_beyond_hotloop] M=4096 N=4096 K=8192 dtype='bf16': ✅ Triton and Torch match
[v9_beyond_hotloop] M=4096 N=4096 K=16384 dtype='bf16': ✅ Triton and Torch match
[v9_beyond_hotloop] M=4096 N=4096 K=32768 dtype='bf16': ✅ Triton and Torch match

v9_beyond_hotloop (bias):
matmul-performance-v9_beyond_hotloop-bias:
        M       N        K  fp16 (TFLOPS)  bf16 (TFLOPS)
0  4096.0  4096.0    512.0     653.724074     667.931606
1  4096.0  4096.0   1024.0     861.578193     891.997341
2  4096.0  4096.0   2048.0    1018.368093    1066.410302
3  4096.0  4096.0   3072.0    1075.074467    1130.750503
4  4096.0  4096.0   4096.0    1107.655102    1166.318347
5  4096.0  4096.0   8192.0    1176.491857    1245.357966
6  4096.0  4096.0  16384.0    1204.751495    1279.504660
7  4096.0  4096.0  32768.0    1221.861488    1295.242145
