[v9_beyond_hotloop] M=4096 N=4096 K=512 dtype='fp16': ✅ Triton and Torch match
[v9_beyond_hotloop] M=4096 N=4096 K=1024 dtype='fp16': ✅ Triton and Torch match
[v9_beyond_hotloop] M=4096 N=4096 K=2048 dtype='fp16': ✅ Triton and Torch match
[v9_beyond_hotloop] M=4096 N=4096 K=3072 dtype='fp16': ✅ Triton and Torch match
[v9_beyond_hotloop] M=4096 N=4096 K=4096 dtype='fp16': ✅ Triton and Torch match
[v9_beyond_hotloop] M=4096 N=4096 K=8192 dtype='fp16': ✅ Triton and Torch match
[v9_beyond_hotloop] M=4096 N=4096 K=16384 dtype='fp16': ✅ Triton and Torch match
[v9_beyond_hotloop] M=4096 N=4096 K=32768 dtype='fp16': ✅ Triton and Torch match
[v9_beyond_hotloop] M=4096 N=4096 K=512 dtype='bf16': ✅ Triton and Torch match
[v9_beyond_hotloop] M=4096 N=4096 K=1024 dtype='bf16': ✅ Triton and Torch match
[v9_beyond_hotloop] M=4096 N=4096 K=2048 dtype='bf16': ✅ Triton and Torch match
[v9_beyond_hotloop] M=4096 N=4096 K=3072 dtype='bf16': ✅ Triton and Torch match
[v9_beyond_hotloop] M=4096 N=4096 K=4096 dtype='bf16': ✅ Triton and Torch match
[v9_beyond_hotloop] M=4096 N=4096 K=8192 dtype='bf16': ✅ Triton and Torch match
[v9_beyond_hotloop] M=4096 N=4096 K=16384 dtype='bf16': ✅ Triton and Torch match
[v9_beyond_hotloop] M=4096 N=4096 K=32768 dtype='bf16': ✅ Triton and Torch match

v9_beyond_hotloop:
matmul-performance-v9_beyond_hotloop:
        M       N        K  fp16 (TFLOPS)  bf16 (TFLOPS)
0  4096.0  4096.0    512.0     143.499209     154.827999
1  4096.0  4096.0   1024.0     316.618337     316.851906
2  4096.0  4096.0   2048.0     680.384110     685.549451
3  4096.0  4096.0   3072.0    1031.204640    1020.172193
4  4096.0  4096.0   4096.0    1252.165650    1335.902200
5  4096.0  4096.0   8192.0    1333.575473    1422.756089
6  4096.0  4096.0  16384.0    1362.594578    1458.536150
7  4096.0  4096.0  32768.0    1258.474564    1243.361063
