[v9_beyond_hotloop] M=4096 N=4096 K=512 dtype='fp16': ✅ Triton and Torch match
[v9_beyond_hotloop] M=4096 N=4096 K=1024 dtype='fp16': ✅ Triton and Torch match
[v9_beyond_hotloop] M=4096 N=4096 K=2048 dtype='fp16': ✅ Triton and Torch match
[v9_beyond_hotloop] M=4096 N=4096 K=3072 dtype='fp16': ✅ Triton and Torch match
[v9_beyond_hotloop] M=4096 N=4096 K=4096 dtype='fp16': ✅ Triton and Torch match
[v9_beyond_hotloop] M=4096 N=4096 K=8192 dtype='fp16': ✅ Triton and Torch match
[v9_beyond_hotloop] M=4096 N=4096 K=16384 dtype='fp16': ✅ Triton and Torch match
[v9_beyond_hotloop] M=4096 N=4096 K=32768 dtype='fp16': ✅ Triton and Torch match
[v9_beyond_hotloop] M=4096 N=4096 K=512 dtype='bf16': ✅ Triton and Torch match
[v9_beyond_hotloop] M=4096 N=4096 K=1024 dtype='bf16': ✅ Triton and Torch match
[v9_beyond_hotloop] M=4096 N=4096 K=2048 dtype='bf16': ✅ Triton and Torch match
[v9_beyond_hotloop] M=4096 N=4096 K=3072 dtype='bf16': ✅ Triton and Torch match
[v9_beyond_hotloop] M=4096 N=4096 K=4096 dtype='bf16': ✅ Triton and Torch match
[v9_beyond_hotloop] M=4096 N=4096 K=8192 dtype='bf16': ✅ Triton and Torch match
[v9_beyond_hotloop] M=4096 N=4096 K=16384 dtype='bf16': ✅ Triton and Torch match
[v9_beyond_hotloop] M=4096 N=4096 K=32768 dtype='bf16': ✅ Triton and Torch match

v9_beyond_hotloop (bias):
matmul-performance-v9_beyond_hotloop-bias:
        M       N        K  fp16 (TFLOPS)  bf16 (TFLOPS)
0  4096.0  4096.0    512.0     694.978524     720.632071
1  4096.0  4096.0   1024.0     933.688522     979.440130
2  4096.0  4096.0   2048.0    1121.401365    1188.918310
3  4096.0  4096.0   3072.0    1190.841162    1266.313899
4  4096.0  4096.0   4096.0    1229.317764    1309.928001
5  4096.0  4096.0   8192.0    1314.192937    1404.437471
6  4096.0  4096.0  16384.0    1347.103925    1443.224148
7  4096.0  4096.0  32768.0    1249.863326    1236.955300
