[v13_persistant_peel_acc] M=4096 N=4096 K=512 dtype='fp16': ✅ Triton and Torch match
[v13_persistant_peel_acc] M=4096 N=4096 K=1024 dtype='fp16': ✅ Triton and Torch match
[v13_persistant_peel_acc] M=4096 N=4096 K=2048 dtype='fp16': ✅ Triton and Torch match
[v13_persistant_peel_acc] M=4096 N=4096 K=3072 dtype='fp16': ✅ Triton and Torch match
[v13_persistant_peel_acc] M=4096 N=4096 K=4096 dtype='fp16': ✅ Triton and Torch match
[v13_persistant_peel_acc] M=4096 N=4096 K=8192 dtype='fp16': ✅ Triton and Torch match
[v13_persistant_peel_acc] M=4096 N=4096 K=16384 dtype='fp16': ✅ Triton and Torch match
[v13_persistant_peel_acc] M=4096 N=4096 K=32768 dtype='fp16': ✅ Triton and Torch match
[v13_persistant_peel_acc] M=4096 N=4096 K=512 dtype='bf16': ✅ Triton and Torch match
[v13_persistant_peel_acc] M=4096 N=4096 K=1024 dtype='bf16': ✅ Triton and Torch match
[v13_persistant_peel_acc] M=4096 N=4096 K=2048 dtype='bf16': ✅ Triton and Torch match
[v13_persistant_peel_acc] M=4096 N=4096 K=3072 dtype='bf16': ✅ Triton and Torch match
[v13_persistant_peel_acc] M=4096 N=4096 K=4096 dtype='bf16': ✅ Triton and Torch match
[v13_persistant_peel_acc] M=4096 N=4096 K=8192 dtype='bf16': ✅ Triton and Torch match
[v13_persistant_peel_acc] M=4096 N=4096 K=16384 dtype='bf16': ✅ Triton and Torch match
[v13_persistant_peel_acc] M=4096 N=4096 K=32768 dtype='bf16': ✅ Triton and Torch match

v13_persistant_peel_acc (bias):
matmul-performance-v13_persistant_peel_acc-bias:
        M       N        K  fp16 (TFLOPS)  bf16 (TFLOPS)
0  4096.0  4096.0    512.0     637.211853     651.740117
1  4096.0  4096.0   1024.0     850.488607     879.192921
2  4096.0  4096.0   2048.0    1012.367112    1058.525508
3  4096.0  4096.0   3072.0    1069.719274    1127.528437
4  4096.0  4096.0   4096.0    1102.678510    1163.937959
5  4096.0  4096.0   8192.0    1170.684595    1241.314418
6  4096.0  4096.0  16384.0    1201.486568    1276.296545
7  4096.0  4096.0  32768.0    1218.962694    1294.327332
