[inter_wave/a8w8] kernel=a8w8_kernel
[inter_wave/a8w8] M=4096 N=4096 K=512 dtype=f8: ✅ Triton and Torch match
[inter_wave/a8w8] M=4096 N=4096 K=1024 dtype=f8: ✅ Triton and Torch match
[inter_wave/a8w8] M=4096 N=4096 K=2048 dtype=f8: ✅ Triton and Torch match
[inter_wave/a8w8] M=4096 N=4096 K=3072 dtype=f8: ✅ Triton and Torch match
[inter_wave/a8w8] M=4096 N=4096 K=4096 dtype=f8: ✅ Triton and Torch match
[inter_wave/a8w8] M=4096 N=4096 K=8192 dtype=f8: ✅ Triton and Torch match
[inter_wave/a8w8] M=4096 N=4096 K=16384 dtype=f8: ✅ Triton and Torch match
[inter_wave/a8w8] M=4096 N=4096 K=32768 dtype=f8: ✅ Triton and Torch match

inter_wave/a8w8 (a8w8_kernel):
matmul-performance-inter_wave/a8w8:
        M       N        K  f8 (TFLOPS)
0  4096.0  4096.0    512.0   769.707385
1  4096.0  4096.0   1024.0  1280.169114
2  4096.0  4096.0   2048.0  1795.179688
3  4096.0  4096.0   3072.0  2061.584271
4  4096.0  4096.0   4096.0  2250.109759
5  4096.0  4096.0   8192.0  2521.792450
6  4096.0  4096.0  16384.0  2759.790619
7  4096.0  4096.0  32768.0  2648.257774
