[inter_wave/a4w4] version=0 (v0_sliceMN)  kernel=v0_sliceMN
[inter_wave/a4w4] M=4096 N=4096 K=512: SKIPPED (K < 1024)
[inter_wave/a4w4] M=4096 N=4096 K=1024: ✅ Triton and Torch match
[inter_wave/a4w4] M=4096 N=4096 K=2048: ✅ Triton and Torch match
[inter_wave/a4w4] M=4096 N=4096 K=3072: ✅ Triton and Torch match
[inter_wave/a4w4] M=4096 N=4096 K=4096: ✅ Triton and Torch match
[inter_wave/a4w4] M=4096 N=4096 K=8192: ✅ Triton and Torch match
[inter_wave/a4w4] M=4096 N=4096 K=16384: ✅ Triton and Torch match
[inter_wave/a4w4] M=4096 N=4096 K=32768: ✅ Triton and Torch match
[inter_wave/a4w4] M=4096 N=4096 K=65536: ✅ Triton and Torch match

inter_wave/a4w4 (v0_sliceMN):
matmul-performance-inter_wave/a4w4:
        M       N        K  mxfp4 (TFLOPS)
0  4096.0  4096.0    512.0      631.589603
1  4096.0  4096.0   1024.0     1274.470989
2  4096.0  4096.0   2048.0     1837.419174
3  4096.0  4096.0   3072.0     2421.974041
4  4096.0  4096.0   4096.0     2742.197806
5  4096.0  4096.0   8192.0     3360.365657
6  4096.0  4096.0  16384.0     3600.670775
7  4096.0  4096.0  32768.0     3957.618986
8  4096.0  4096.0  65536.0     4138.769055
