[inter_wave/a4w4] version=1 (v1_combineBsc)  kernel=v1_combineBsc
[inter_wave/a4w4] M=4096 N=4096 K=512: SKIPPED (K < 1024)
[inter_wave/a4w4] M=4096 N=4096 K=1024: ✅ Triton and Torch match
[inter_wave/a4w4] M=4096 N=4096 K=2048: ✅ Triton and Torch match
[inter_wave/a4w4] M=4096 N=4096 K=3072: ✅ Triton and Torch match
[inter_wave/a4w4] M=4096 N=4096 K=4096: ✅ Triton and Torch match
[inter_wave/a4w4] M=4096 N=4096 K=8192: ✅ Triton and Torch match
[inter_wave/a4w4] M=4096 N=4096 K=16384: ✅ Triton and Torch match
[inter_wave/a4w4] M=4096 N=4096 K=32768: ✅ Triton and Torch match
[inter_wave/a4w4] M=4096 N=4096 K=65536: ✅ Triton and Torch match

inter_wave/a4w4 (v1_combineBsc):
matmul-performance-inter_wave/a4w4:
        M       N        K  mxfp4 (TFLOPS)
0  4096.0  4096.0    512.0      711.087313
1  4096.0  4096.0   1024.0     1429.273612
2  4096.0  4096.0   2048.0     2208.209378
3  4096.0  4096.0   3072.0     2670.445884
4  4096.0  4096.0   4096.0     2990.338622
5  4096.0  4096.0   8192.0     3588.437642
6  4096.0  4096.0  16384.0     4021.004919
7  4096.0  4096.0  32768.0     4296.276491
8  4096.0  4096.0  65536.0     4465.357239
