
============================================================
Config: base
============================================================
  Running: v0 (v0_sliceN) config=base
  ATT trace: /home/jbowley/repos/gfx950-gluon-tutorials/kernels/gemm/intra_wave/a4w4/tmp/base/v0_sliceN
  [v0_sliceN] M=4096 N=4096 K=32768: Triton and Torch match
  rocprofv3: collecting kernel trace for v0_sliceN ...
  rocprofv3: 1002 dispatches, final-100 avg=261.77 us, tflops=4200.4
  Running: v1 (v1_sliceMN) config=base
  ATT trace: /home/jbowley/repos/gfx950-gluon-tutorials/kernels/gemm/intra_wave/a4w4/tmp/base/v1_sliceMN
  [v1_sliceMN] M=4096 N=4096 K=32768: Triton and Torch match
  rocprofv3: collecting kernel trace for v1_sliceMN ...
  rocprofv3: 1002 dispatches, final-100 avg=250.50 us, tflops=4389.2

============================================================
Config: llir
============================================================
  Running: v0 (v0_sliceN) config=llir
  ATT trace: /home/jbowley/repos/gfx950-gluon-tutorials/kernels/gemm/intra_wave/a4w4/tmp/llir/v0_sliceN
  [v0_sliceN] M=4096 N=4096 K=32768: Triton and Torch match
  rocprofv3: collecting kernel trace for v0_sliceN ...
  rocprofv3: 1002 dispatches, final-100 avg=242.47 us, tflops=4534.7
  Running: v1 (v1_sliceMN) config=llir
  ATT trace: /home/jbowley/repos/gfx950-gluon-tutorials/kernels/gemm/intra_wave/a4w4/tmp/llir/v1_sliceMN
  [v1_sliceMN] M=4096 N=4096 K=32768: Triton and Torch match
  rocprofv3: collecting kernel trace for v1_sliceMN ...
  rocprofv3: 1002 dispatches, final-100 avg=233.32 us, tflops=4712.5

============================================================
Config: llir+amdgcnas
============================================================
  Running: v0 (v0_sliceN) config=llir+amdgcnas
  ATT trace: /home/jbowley/repos/gfx950-gluon-tutorials/kernels/gemm/intra_wave/a4w4/tmp/llir+amdgcnas/v0_sliceN
  [v0_sliceN] M=4096 N=4096 K=32768: Triton and Torch match
  rocprofv3: collecting kernel trace for v0_sliceN ...
  rocprofv3: 1002 dispatches, final-100 avg=239.87 us, tflops=4583.8
  Running: v1 (v1_sliceMN) config=llir+amdgcnas
  ATT trace: /home/jbowley/repos/gfx950-gluon-tutorials/kernels/gemm/intra_wave/a4w4/tmp/llir+amdgcnas/v1_sliceMN
  [v1_sliceMN] M=4096 N=4096 K=32768: Triton and Torch match
  rocprofv3: collecting kernel trace for v1_sliceMN ...
  rocprofv3: 1002 dispatches, final-100 avg=228.26 us, tflops=4817.0

============================================================
RESULTS SUMMARY
============================================================

Config: base
| Version              | TFLOPS | VGPRs | Spills | MFMA Eff. |
|----------------------|--------|-------|--------|-----------|
| v0_sliceN            |   4200 |   512 |     16 |    58.59% |
| v1_sliceMN           |   4389 |   452 |      0 |    67.75% |


Config: llir
| Version              | TFLOPS | VGPRs | Spills | MFMA Eff. |
|----------------------|--------|-------|--------|-----------|
| v0_sliceN            |   4535 |   512 |     28 |    76.02% |
| v1_sliceMN           |   4712 |   456 |      0 |    83.86% |


Config: llir+amdgcnas
| Version              | TFLOPS | VGPRs | Spills | MFMA Eff. |
|----------------------|--------|-------|--------|-----------|
| v0_sliceN            |   4584 |   512 |     28 |    81.73% |
| v1_sliceMN           |   4817 |   456 |      0 |    94.01% |

