[aiter] import [module_aiter_core] under /home/jbowley/repos/gfx950-gluon-tutorials/experiments/hip_version_repro/jit/rocm724/module_aiter_core.so
/home/jbowley/rocm724_env/venv/lib/python3.12/site-packages/torch/profiler/profiler.py:217: UserWarning: Warning: Profiler clears events at the end of each cycle.Only events from the current cycle will be reported.To keep events across cycles, set acc_events=True.
  _warn_once(
[W929 10:07:15.927484977 collection.cpp:1148] Warning: ROCTracer produced duplicate flow start: 4 (function operator())
[1/630] 1024x3072x512   402.2
[2/630] 1024x4096x512   471.1
[3/630] 1024x7168x512   586.1
[4/630] 2048x2048x512   475.2
[5/630] 2048x4096x512   624.5
[6/630] 4096x2048x512   672.0
[7/630] 4096x4096x512   805.3
[8/630] 4096x7168x512   754.2
[9/630] 8192x2048x512   805.6
[10/630] 8192x4096x512   867.3
[11/630] 16384x2048x512   873.5
[12/630] 16384x4096x512   956.1
[13/630] 16384x7168x512   998.8
[14/630] 32768x2048x512   952.8
[15/630] 1024x5120x640   533.7
[16/630] 2048x5120x640   553.8
[17/630] 4096x5120x640   777.9
[18/630] 8192x5120x640   903.5
[19/630] 16384x5120x640  1060.6
[20/630] 32768x5120x640  1100.7
[21/630] 1024x7168x768   681.2
[22/630] 10240x7168x768   865.4
[23/630] 512x4096x1024   479.7
[24/630] 512x6144x1024   584.2
[25/630] 512x7168x1024   607.8
[26/630] 512x8192x1024   670.4
[27/630] 1024x4096x1024   670.4
[28/630] 1024x7168x1024   777.7
[29/630] 1024x8192x1024   855.1
[30/630] 2048x4096x1024   854.2
[31/630] 2048x7168x1024  1018.8
[32/630] 2048x8192x1024  1062.2
[33/630] 3072x4096x1024   981.0
[34/630] 4096x4096x1024  1132.5
[35/630] 4096x7168x1024  1025.9
[36/630] 4096x8192x1024  1159.6
[37/630] 5120x4096x1024  1027.4
[38/630] 7680x4096x1024   989.9
[39/630] 8192x7168x1024  1046.0
[40/630] 8192x8192x1024  1208.4
[41/630] 16384x4096x1024  1218.3
[42/630] 16384x7168x1024  1247.7
[43/630] 16384x8192x1024  1250.2
[44/630] 32768x7168x1024  1268.0
[45/630] 32768x8192x1024  1268.0
[46/630] 512x5120x1280   566.4
[47/630] 1024x5120x1280   722.0
[48/630] 2048x5120x1280   948.1
[49/630] 4096x5120x1280   996.6
[50/630] 8192x5120x1280  1128.5
[51/630] 16384x5120x1280  1287.6
[52/630] 32768x5120x1280  1319.0
[53/630] 512x1536x1536   305.4
[54/630] 512x2048x1536   404.4
[55/630] 512x2304x1536   381.9
[56/630] 512x4096x1536   575.6
[57/630] 512x6144x1536   661.4
[58/630] 512x7168x1536   593.3
[59/630] 1024x1536x1536   476.8
[60/630] 1024x2048x1536   578.6
[61/630] 1024x2304x1536   537.3
[62/630] 1024x3072x1536   664.4
[63/630] 1024x4096x1536   642.0
[64/630] 1024x7168x1536   895.4
[65/630] 2048x1536x1536   660.0
[66/630] 2048x2048x1536   640.9
[67/630] 2048x4096x1536   954.1
[68/630] 3072x2048x1536   818.0
[69/630] 3072x4096x1536  1103.2
[70/630] 4096x1536x1536   823.0
[71/630] 4096x2048x1536   962.7
[72/630] 4096x3072x1536  1102.1
[73/630] 4096x4096x1536  1235.8
[74/630] 5120x2048x1536  1039.4
[75/630] 5120x4096x1536  1096.1
[76/630] 7680x2048x1536  1039.1
[77/630] 7680x4096x1536  1091.0
[78/630] 8192x1536x1536  1103.4
[79/630] 10240x7168x1536  1178.7
[80/630] 16384x1536x1536  1164.5
[81/630] 16384x2048x1536  1289.6
[82/630] 16384x3072x1536  1313.7
[83/630] 16384x4096x1536  1318.2
[84/630] 32768x1536x1536  1308.9
[85/630] 512x7168x1792   605.1
[86/630] 1024x7168x1792   934.1
[87/630] 2048x7168x1792  1150.5
[88/630] 4096x7168x1792  1193.8
[89/630] 8192x7168x1792  1213.2
[90/630] 16384x7168x1792  1386.4
[91/630] 32768x7168x1792  1396.0
[92/630] 512x4096x2048   618.3
[93/630] 512x6144x2048   660.7
[94/630] 512x6144x2048   707.4
[95/630] 512x8192x2048   685.3
[96/630] 512x16384x2048  1028.2
[97/630] 1024x4096x2048   687.7
[98/630] 1024x6144x2048   901.9
[99/630] 1024x6144x2048   894.4
[100/630] 1024x8192x2048  1036.6
[101/630] 1024x16384x2048  1330.1
[102/630] 2048x4096x2048  1034.6
[103/630] 2048x6144x2048  1083.5
[104/630] 2048x6144x2048  1180.0
[105/630] 2048x8192x2048  1315.2
[106/630] 2048x16384x2048  1359.9
[107/630] 3072x4096x2048  1179.4
[108/630] 4096x4096x2048  1324.6
[109/630] 4096x6144x2048  1124.4
[110/630] 4096x6144x2048  1206.4
[111/630] 4096x8192x2048  1357.4
[112/630] 4096x16384x2048  1399.2
[113/630] 5120x4096x2048  1219.8
[114/630] 7680x4096x2048  1147.0
[115/630] 8192x6144x2048  1161.3
[116/630] 8192x6144x2048  1380.1
[117/630] 8192x8192x2048  1393.0
[118/630] 8192x16384x2048  1413.0
[119/630] 16384x4096x2048  1372.7
[120/630] 16384x6144x2048  1150.1
[121/630] 16384x6144x2048  1412.2
[122/630] 16384x8192x2048  1406.5
[123/630] 16384x16384x2048  1423.4
[124/630] 32768x6144x2048  1421.2
[125/630] 32768x8192x2048  1422.3
[126/630] 32768x16384x2048  1423.6
[127/630] 512x6144x3072   741.4
[128/630] 512x6144x3072   782.8
[129/630] 1024x6144x3072   962.9
[130/630] 1024x6144x3072   949.7
[131/630] 2048x6144x3072  1189.4
[132/630] 2048x6144x3072  1256.1
[133/630] 4096x6144x3072  1226.2
[134/630] 4096x6144x3072  1283.3
[135/630] 8192x6144x3072  1255.4
[136/630] 8192x6144x3072  1464.1
[137/630] 16384x6144x3072  1236.4
[138/630] 16384x6144x3072  1474.6
[139/630] 32768x6144x3072  1478.5
[140/630] 512x5120x3200   698.1
[141/630] 1024x5120x3200   959.6
[142/630] 2048x5120x3200  1178.0
[143/630] 4096x5120x3200  1197.4
[144/630] 8192x5120x3200  1306.2
[145/630] 16384x5120x3200  1474.5
[146/630] 32768x5120x3200  1482.7
[147/630] 512x7168x3584   710.4
[148/630] 512x8192x3584   778.2
[149/630] 1024x7168x3584  1094.4
[150/630] 1024x8192x3584  1136.5
[151/630] 2048x8192x3584  1441.5
[152/630] 4096x8192x3584  1474.0
[153/630] 8192x8192x3584  1487.7
[154/630] 10240x7168x3584  1342.6
[155/630] 16384x8192x3584  1496.7
[156/630] 32768x8192x3584  1489.2
[157/630] 512x1024x4096   329.3
[158/630] 512x2048x4096   506.2
[159/630] 512x4096x4096   632.3
[160/630] 512x8192x4096   825.6
[161/630] 512x8704x4096   894.2
[162/630] 512x10240x4096   859.0
[163/630] 512x16384x4096   690.1
[164/630] 512x129280x4096  1148.3
[165/630] 768x1024x4096   436.5
[166/630] 768x2048x4096   569.3
[167/630] 768x4096x4096   809.1
[168/630] 768x8192x4096  1012.9
[169/630] 768x8704x4096   993.5
[170/630] 768x10240x4096  1077.8
[171/630] 768x129280x4096  1349.1
[172/630] 1024x512x4096   329.1
[173/630] 1024x1024x4096   529.3
[174/630] 1024x2048x4096   561.5
[175/630] 1024x4096x4096   830.8
[176/630] 1024x8192x4096   733.9
[177/630] 1024x8704x4096  1138.3
[178/630] 1024x10240x4096  1211.1
[179/630] 1024x16384x4096  1476.5
[180/630] 1024x129280x4096  1379.1
[181/630] 1280x512x4096   376.4
[182/630] 1280x1024x4096   562.4
[183/630] 1280x2048x4096   722.4
[184/630] 1280x129280x4096  1399.6
[185/630] 1536x512x4096   435.0
[186/630] 1536x1024x4096   567.4
[187/630] 1536x2048x4096   808.1
[188/630] 1536x129280x4096  1403.8
[189/630] 1792x512x4096   480.0
[190/630] 1792x1024x4096   505.6
[191/630] 1792x2048x4096   732.9
[192/630] 1792x129280x4096  1351.5
[193/630] 2048x512x4096   513.6
[194/630] 2048x1024x4096   554.7
[195/630] 2048x2048x4096   815.0
[196/630] 2048x4096x4096   717.0
[197/630] 2048x8192x4096  1467.3
[198/630] 2048x8704x4096  1154.5
[199/630] 2048x10240x4096  1242.4
[200/630] 2048x16384x4096  1488.5
[201/630] 2048x129280x4096  1379.6
[202/630] 2304x512x4096   525.8
[203/630] 2304x1024x4096   730.1
[204/630] 2304x2048x4096   948.2
[205/630] 2560x512x4096   565.4
[206/630] 2560x1024x4096   716.7
[207/630] 2560x2048x4096  1015.5
[208/630] 2816x512x4096   532.8
[209/630] 2816x1024x4096   757.1
[210/630] 2816x2048x4096   927.0
[211/630] 3072x512x4096   570.2
[212/630] 3072x1024x4096   811.3
[213/630] 3072x2048x4096  1008.1
[214/630] 3328x512x4096   473.0
[215/630] 3328x1024x4096   690.7
[216/630] 3328x2048x4096   883.6
[217/630] 3584x512x4096   472.8
[218/630] 3584x1024x4096   735.9
[219/630] 3584x2048x4096   979.2
[220/630] 3840x512x4096   546.9
[221/630] 3840x1024x4096   782.9
[222/630] 3840x2048x4096   825.8
[223/630] 4096x512x4096   566.7
[224/630] 4096x1024x4096   810.9
[225/630] 4096x2048x4096   751.3
[226/630] 4096x4096x4096  1407.2
[227/630] 4096x8192x4096  1491.1
[228/630] 4096x8704x4096  1268.5
[229/630] 4096x10240x4096  1312.9
[230/630] 4096x16384x4096  1507.9
[231/630] 4096x129280x4096  1394.7
[232/630] 4352x512x4096   636.6
[233/630] 4352x1024x4096   902.6
[234/630] 4352x2048x4096  1081.2
[235/630] 5120x512x4096   718.3
[236/630] 5120x1024x4096  1012.6
[237/630] 5120x2048x4096  1246.8
[238/630] 6144x512x4096   806.6
[239/630] 6144x1024x4096  1012.7
[240/630] 6144x2048x4096  1300.7
[241/630] 6144x129280x4096  1371.5
[242/630] 6400x512x4096   692.2
[243/630] 6400x1024x4096   852.3
[244/630] 6400x2048x4096  1236.7
[245/630] 6912x512x4096   735.1
[246/630] 6912x1024x4096   737.8
[247/630] 6912x2048x4096  1322.3
[248/630] 7168x512x4096   753.0
[249/630] 7168x1024x4096  1056.4
[250/630] 7168x2048x4096  1352.9
[251/630] 7424x512x4096   772.1
[252/630] 7424x1024x4096   819.0
[253/630] 7424x2048x4096  1217.6
[254/630] 7680x512x4096   776.4
[255/630] 7680x1024x4096   820.7
[256/630] 7680x2048x4096  1243.3
[257/630] 7936x512x4096   798.4
[258/630] 7936x1024x4096   747.3
[259/630] 7936x2048x4096  1442.7
[260/630] 8192x512x4096   822.0
[261/630] 8192x1024x4096   754.6
[262/630] 8192x2048x4096  1467.9
[263/630] 8192x4096x4096  1489.1
[264/630] 8192x8192x4096  1503.3
[265/630] 8192x8704x4096  1359.4
[266/630] 8192x10240x4096  1502.7
[267/630] 8192x16384x4096  1514.9
[268/630] 8192x129280x4096  1396.2
[269/630] 10240x512x4096  1000.9
[270/630] 10240x1024x4096  1252.5
[271/630] 10240x2048x4096  1276.7
[272/630] 10240x129280x4096  1417.9
[273/630] 12288x512x4096  1009.3
[274/630] 12288x1024x4096  1302.8
[275/630] 12288x2048x4096  1330.3
[276/630] 12288x129280x4096  1399.6
[277/630] 14336x512x4096   694.2
[278/630] 14336x1024x4096  1353.4
[279/630] 14336x2048x4096  1380.7
[280/630] 14336x129280x4096  1424.2
[281/630] 16384x512x4096   805.2
[282/630] 16384x1024x4096  1342.5
[283/630] 16384x2048x4096  1420.3
[284/630] 16384x16384x4096  1533.5
[285/630] 16384x129280x4096  1405.5
[286/630] 32768x16384x4096  1515.3
[287/630] 512x7168x4224   870.9
[288/630] 1024x7168x4224   856.8
[289/630] 10240x7168x4224  1355.1
[290/630] 512x6144x4608   680.0
[291/630] 1024x6144x4608  1013.1
[292/630] 2048x6144x4608  1315.3
[293/630] 4096x6144x4608  1336.9
[294/630] 8192x6144x4608  1512.0
[295/630] 16384x6144x4608  1515.8
[296/630] 32768x6144x4608  1507.4
[297/630] 512x1024x5120   335.9
[298/630] 512x5120x5120   794.4
[299/630] 512x6400x5120   709.5
[300/630] 512x12800x5120   838.7
[301/630] 512x37888x5120  1059.3
[302/630] 512x51200x5120  1098.6
[303/630] 768x1024x5120   381.7
[304/630] 768x37888x5120  1238.8
[305/630] 1024x1024x5120   482.3
[306/630] 1024x5120x5120  1013.1
[307/630] 1024x6400x5120   891.8
[308/630] 1024x12800x5120  1242.2
[309/630] 1024x37888x5120  1064.0
[310/630] 1024x51200x5120  1072.3
[311/630] 1536x1024x5120   612.6
[312/630] 1536x37888x5120  1280.3
[313/630] 2048x1024x5120   660.4
[314/630] 2048x5120x5120  1250.4
[315/630] 2048x6400x5120  1246.0
[316/630] 2048x12800x5120  1263.6
[317/630] 2048x37888x5120  1208.8
[318/630] 2048x51200x5120  1192.1
[319/630] 4096x1024x5120   902.5
[320/630] 4096x5120x5120  1270.7
[321/630] 4096x6400x5120  1264.4
[322/630] 4096x12800x5120  1273.5
[323/630] 4096x51200x5120  1376.8
[324/630] 8192x1024x5120  1131.4
[325/630] 8192x5120x5120  1356.4
[326/630] 8192x6400x5120  1276.7
[327/630] 8192x12800x5120  1235.2
[328/630] 8192x51200x5120  1410.9
[329/630] 16384x1024x5120  1331.6
[330/630] 16384x5120x5120  1533.8
[331/630] 16384x6400x5120  1238.3
[332/630] 16384x12800x5120  1479.3
[333/630] 16384x51200x5120  1407.0
[334/630] 32768x5120x5120  1505.3
[335/630] 32768x6400x5120  1484.4
[336/630] 32768x12800x5120  1524.4
[337/630] 32768x51200x5120  1400.6
[338/630] 512x1280x6144   388.9
[339/630] 512x1536x6144   408.9
[340/630] 512x2048x6144   512.6
[341/630] 512x2304x6144   411.6
[342/630] 512x2560x6144   513.4
[343/630] 512x3072x6144   646.5
[344/630] 512x3072x6144   513.3
[345/630] 512x6144x6144   779.1
[346/630] 512x9216x6144   582.4
[347/630] 1024x2048x6144   738.3
[348/630] 1024x2304x6144   673.5
[349/630] 1024x2560x6144   776.6
[350/630] 1024x3072x6144   846.4
[351/630] 1024x6144x6144  1019.9
[352/630] 1024x9216x6144  1232.2
[353/630] 2048x2048x6144   948.2
[354/630] 2048x2304x6144   986.6
[355/630] 2048x2560x6144  1051.5
[356/630] 2048x3072x6144   977.4
[357/630] 2048x6144x6144  1345.9
[358/630] 2048x9216x6144  1245.4
[359/630] 4096x2048x6144   887.5
[360/630] 4096x2304x6144  1230.0
[361/630] 4096x2560x6144  1279.4
[362/630] 4096x3072x6144  1313.1
[363/630] 4096x6144x6144  1362.1
[364/630] 4096x9216x6144  1369.5
[365/630] 8192x2048x6144  1359.4
[366/630] 8192x2304x6144  1241.6
[367/630] 8192x2560x6144  1284.1
[368/630] 8192x3072x6144  1324.9
[369/630] 8192x6144x6144  1546.5
[370/630] 8192x9216x6144  1244.1
[371/630] 16384x2048x6144  1329.7
[372/630] 16384x2304x6144  1336.4
[373/630] 16384x2560x6144  1360.0
[374/630] 16384x3072x6144  1349.9
[375/630] 16384x6144x6144  1548.6
[376/630] 16384x9216x6144  1544.7
[377/630] 32768x2304x6144  1212.9
[378/630] 32768x2560x6144  1496.2
[379/630] 32768x6144x6144  1533.3
[380/630] 32768x9216x6144  1559.3
[381/630] 512x5120x6400   768.6
[382/630] 1024x5120x6400  1062.9
[383/630] 2048x5120x6400  1280.1
[384/630] 4096x5120x6400  1298.0
[385/630] 8192x5120x6400  1376.2
[386/630] 16384x5120x6400  1564.0
[387/630] 32768x5120x6400  1556.9
[388/630] 512x16384x6656   914.5
[389/630] 1024x16384x6656  1537.4
[390/630] 2048x16384x6656  1559.1
[391/630] 4096x16384x6656  1580.0
[392/630] 8192x16384x6656  1542.9
[393/630] 16384x16384x6656  1579.5
[394/630] 32768x16384x6656  1565.4
[395/630] 512x1024x7168   433.8
[396/630] 512x1536x7168   459.9
[397/630] 512x2048x7168   593.5
[398/630] 512x3584x7168   636.2
[399/630] 512x6144x7168   825.6
[400/630] 512x8192x7168   895.7
[401/630] 512x8448x7168   469.8
[402/630] 512x20480x7168  1151.5
[403/630] 768x1024x7168   447.3
[404/630] 768x2048x7168   631.1
[405/630] 1024x512x7168   327.8
[406/630] 1024x1024x7168   599.6
[407/630] 1024x1536x7168   631.1
[408/630] 1024x2048x7168   719.4
[409/630] 1024x3584x7168   828.0
[410/630] 1024x6144x7168  1049.6
[411/630] 1024x8192x7168  1017.0
[412/630] 1024x8448x7168  1184.3
[413/630] 1024x20480x7168  1212.5
[414/630] 1280x512x7168   411.8
[415/630] 1280x1024x7168   596.4
[416/630] 1280x2048x7168   857.3
[417/630] 1536x512x7168   450.7
[418/630] 1536x1024x7168   740.7
[419/630] 1536x2048x7168   951.8
[420/630] 1792x512x7168   493.2
[421/630] 1792x1024x7168   666.2
[422/630] 1792x2048x7168   811.2
[423/630] 2048x512x7168   584.7
[424/630] 2048x1024x7168   792.7
[425/630] 2048x2048x7168   893.0
[426/630] 2048x3584x7168  1062.6
[427/630] 2048x8192x7168  1551.5
[428/630] 2048x20480x7168  1289.4
[429/630] 4096x512x7168   694.7
[430/630] 4096x1024x7168   976.5
[431/630] 4096x2048x7168  1305.6
[432/630] 4096x3584x7168  1386.0
[433/630] 4096x8192x7168  1577.3
[434/630] 4096x20480x7168  1489.9
[435/630] 6144x512x7168   744.5
[436/630] 6144x1024x7168   946.1
[437/630] 6144x2048x7168  1362.5
[438/630] 8192x512x7168   898.1
[439/630] 8192x1024x7168  1151.4
[440/630] 8192x2048x7168  1440.1
[441/630] 8192x3584x7168  1391.9
[442/630] 8192x8192x7168  1583.2
[443/630] 8192x20480x7168  1495.1
[444/630] 10240x512x7168   852.4
[445/630] 10240x1024x7168  1313.3
[446/630] 10240x2048x7168  1327.6
[447/630] 10240x8448x7168  1371.7
[448/630] 10240x20480x7168  1452.9
[449/630] 12288x512x7168   882.5
[450/630] 12288x1024x7168  1365.5
[451/630] 12288x2048x7168  1378.5
[452/630] 14336x512x7168   907.4
[453/630] 14336x1024x7168  1416.7
[454/630] 14336x2048x7168  1396.7
[455/630] 16384x512x7168  1035.2
[456/630] 16384x1024x7168  1528.8
[457/630] 16384x2048x7168  1545.3
[458/630] 16384x3584x7168  1391.6
[459/630] 16384x8192x7168  1567.3
[460/630] 16384x20480x7168  1510.6
[461/630] 32768x512x7168  1396.5
[462/630] 32768x1024x7168  1461.1
[463/630] 32768x2048x7168  1510.2
[464/630] 32768x3584x7168  1533.8
[465/630] 32768x8192x7168  1580.1
[466/630] 32768x20480x7168  1399.7
[467/630] 512x1280x8192   472.1
[468/630] 512x2560x8192   604.9
[469/630] 512x4096x8192   775.7
[470/630] 512x4608x8192   851.0
[471/630] 512x7168x8192   871.4
[472/630] 512x8192x8192   914.2
[473/630] 512x10240x8192   572.8
[474/630] 512x14336x8192  1044.0
[475/630] 512x16384x8192   908.4
[476/630] 512x57344x8192  1268.2
[477/630] 768x4096x8192   811.8
[478/630] 1024x512x8192   367.3
[479/630] 1024x1280x8192   620.5
[480/630] 1024x2560x8192   875.9
[481/630] 1024x4096x8192   901.5
[482/630] 1024x4608x8192   990.6
[483/630] 1024x7168x8192  1129.4
[484/630] 1024x8192x8192  1028.6
[485/630] 1024x10240x8192  1305.6
[486/630] 1024x14336x8192  1363.2
[487/630] 1024x16384x8192  1502.9
[488/630] 1024x57344x8192  1320.8
[489/630] 2048x512x8192   536.0
[490/630] 2048x1280x8192   727.1
[491/630] 2048x2560x8192  1029.3
[492/630] 2048x4096x8192  1037.3
[493/630] 2048x4608x8192  1263.8
[494/630] 2048x7168x8192  1410.0
[495/630] 2048x8192x8192  1569.6
[496/630] 2048x10240x8192  1311.4
[497/630] 2048x14336x8192  1354.4
[498/630] 2048x16384x8192  1555.4
[499/630] 2048x57344x8192  1485.4
[500/630] 4096x512x8192   776.6
[501/630] 4096x1280x8192  1034.3
[502/630] 4096x2560x8192  1307.8
[503/630] 4096x4096x8192  1540.5
[504/630] 4096x4608x8192  1277.6
[505/630] 4096x7168x8192  1415.9
[506/630] 4096x8192x8192  1584.4
[507/630] 4096x10240x8192  1361.4
[508/630] 4096x14336x8192  1368.3
[509/630] 4096x16384x8192  1543.0
[510/630] 4096x57344x8192  1508.5
[511/630] 8192x512x8192   904.9
[512/630] 8192x1280x8192  1305.3
[513/630] 8192x2560x8192  1311.2
[514/630] 8192x4096x8192  1581.5
[515/630] 8192x4608x8192  1381.9
[516/630] 8192x7168x8192  1417.3
[517/630] 8192x8192x8192  1574.8
[518/630] 8192x10240x8192  1591.6
[519/630] 8192x14336x8192  1570.0
[520/630] 8192x16384x8192  1542.8
[521/630] 8192x57344x8192  1448.5
[522/630] 16384x512x8192  1071.9
[523/630] 16384x1280x8192  1271.1
[524/630] 16384x2560x8192  1326.4
[525/630] 16384x4608x8192  1217.9
[526/630] 16384x7168x8192  1575.2
[527/630] 16384x8192x8192  1593.7
[528/630] 16384x10240x8192  1590.1
[529/630] 16384x14336x8192  1557.6
[530/630] 16384x16384x8192  1541.1
[531/630] 16384x57344x8192  1426.9
[532/630] 32768x1280x8192  1342.8
[533/630] 32768x2560x8192  1552.3
[534/630] 32768x7168x8192  1597.2
[535/630] 32768x8192x8192  1592.7
[536/630] 32768x10240x8192  1593.4
[537/630] 32768x14336x8192  1464.2
[538/630] 32768x16384x8192  1433.6
[539/630] 32768x57344x8192  1429.8
[540/630] 512x6144x12288   943.1
[541/630] 1024x6144x12288  1185.8
[542/630] 2048x6144x12288  1390.6
[543/630] 4096x6144x12288  1394.2
[544/630] 8192x6144x12288  1588.2
[545/630] 16384x6144x12288  1578.8
[546/630] 32768x6144x12288  1570.8
[547/630] 512x16384x13312  1100.5
[548/630] 1024x16384x13312  1492.8
[549/630] 2048x16384x13312  1502.1
[550/630] 4096x16384x13312  1512.3
[551/630] 8192x16384x13312  1519.6
[552/630] 16384x16384x13312  1519.3
[553/630] 32768x16384x13312  1510.7
[554/630] 512x2304x16384   735.4
[555/630] 512x4608x16384   950.9
[556/630] 512x9216x16384   760.8
[557/630] 512x13312x16384  1087.9
[558/630] 512x26624x16384  1168.0
[559/630] 512x53248x16384  1205.0
[560/630] 1024x2304x16384   898.8
[561/630] 1024x4608x16384  1161.0
[562/630] 1024x9216x16384  1176.9
[563/630] 1024x13312x16384  1243.9
[564/630] 1024x26624x16384  1252.6
[565/630] 1024x53248x16384  1256.9
[566/630] 2048x2304x16384   934.1
[567/630] 2048x4608x16384  1309.9
[568/630] 2048x9216x16384  1159.3
[569/630] 2048x13312x16384  1241.7
[570/630] 2048x26624x16384  1246.3
[571/630] 2048x53248x16384  1290.3
[572/630] 4096x2304x16384  1309.5
[573/630] 4096x4608x16384  1258.8
[574/630] 4096x9216x16384  1341.1
[575/630] 4096x13312x16384  1265.8
[576/630] 4096x26624x16384  1320.7
[577/630] 4096x53248x16384  1499.1
[578/630] 8192x2304x16384  1206.4
[579/630] 8192x4608x16384  1371.3
[580/630] 8192x9216x16384  1145.7
[581/630] 8192x13312x16384  1308.9
[582/630] 8192x26624x16384  1484.0
[583/630] 8192x53248x16384  1439.7
[584/630] 16384x2304x16384  1357.4
[585/630] 16384x4608x16384  1181.6
[586/630] 16384x9216x16384  1526.8
[587/630] 16384x13312x16384  1489.7
[588/630] 16384x26624x16384  1461.0
[589/630] 16384x53248x16384  1446.2
[590/630] 32768x2304x16384  1189.7
[591/630] 32768x4608x16384  1555.6
[592/630] 32768x9216x16384  1461.2
[593/630] 32768x13312x16384  1453.3
[594/630] 32768x26624x16384  1432.7
[595/630] 32768x53248x16384  1452.7
[596/630] 512x6144x18432   958.5
[597/630] 1024x6144x18432  1210.4
[598/630] 2048x6144x18432  1343.3
[599/630] 4096x6144x18432  1345.6
[600/630] 8192x6144x18432  1502.5
[601/630] 16384x6144x18432  1513.8
[602/630] 32768x6144x18432  1485.8
[603/630] 512x5120x25600   899.0
[604/630] 1024x5120x25600  1169.1
[605/630] 2048x5120x25600  1295.9
[606/630] 4096x5120x25600  1273.0
[607/630] 8192x5120x25600  1349.5
[608/630] 16384x5120x25600  1514.2
[609/630] 32768x5120x25600  1493.1
[610/630] 512x16384x26624  1194.9
[611/630] 1024x16384x26624  1521.0
[612/630] 2048x16384x26624  1531.5
[613/630] 4096x16384x26624  1524.2
[614/630] 8192x16384x26624  1457.7
[615/630] 16384x16384x26624  1447.3
[616/630] 32768x16384x26624  1450.1
[617/630] 512x8192x28672   919.4
[618/630] 1024x8192x28672  1349.4
[619/630] 2048x8192x28672  1553.4
[620/630] 4096x8192x28672  1554.8
[621/630] 8192x8192x28672  1559.4
[622/630] 16384x8192x28672  1498.4
[623/630] 32768x8192x28672  1518.2
[624/630] 512x7168x35840   967.0
[625/630] 1024x7168x35840  1300.1
[626/630] 2048x7168x35840  1409.7
[627/630] 4096x7168x35840  1405.0
[628/630] 8192x7168x35840  1405.2
[629/630] 16384x7168x35840  1444.3
[630/630] 32768x7168x35840  1446.1
DONE
