env=rocm724 torch=2.10.0+rocm7.2.4.git3d3aa833 hip=7.2.53211 hipblaslt=100202(dabb6df2b9) triton=3.8.0@/home/jbowley/repos/triton_gfx950-tutorial-v2.2/python/triton gpu_pci_bus=117 gpu=gfx950:sramecc+:xnack- cus=256
RESULT triton 4096 4096 8192 1280.673659 round=1
RESULT gluon_noplugin 4096 4096 8192 1341.877504 round=1
RESULT gluon_llirsched 4096 4096 8192 1585.985466 round=1
RESULT hipblaslt 4096 4096 8192 1505.1 round=1
RESULT triton 8192 8192 8192 1256.010208 round=1
RESULT gluon_noplugin 8192 8192 8192 1333.015514 round=1
RESULT gluon_llirsched 8192 8192 8192 1574.386533 round=1
RESULT hipblaslt 8192 8192 8192 1565.8 round=1
RESULT triton 4096 8192 4096 1220.139873 round=1
RESULT gluon_noplugin 4096 8192 4096 1305.12441 round=1
RESULT gluon_llirsched 4096 8192 4096 1523.732406 round=1
RESULT hipblaslt 4096 8192 4096 1481.4 round=1
RESULT triton 4096 106496 16384 1205.119678 round=1
RESULT gluon_noplugin 4096 106496 16384 1300.576257 round=1
RESULT gluon_llirsched 4096 106496 16384 1591.604544 round=1
RESULT hipblaslt 4096 106496 16384 1503.8 round=1
RESULT triton 4096 4096 8192 1279.685223 round=2
RESULT gluon_noplugin 4096 4096 8192 1347.106773 round=2
RESULT gluon_llirsched 4096 4096 8192 1578.740285 round=2
RESULT hipblaslt 4096 4096 8192 1503.3 round=2
RESULT triton 8192 8192 8192 1256.911798 round=2
RESULT gluon_noplugin 8192 8192 8192 1331.370729 round=2
RESULT gluon_llirsched 8192 8192 8192 1575.679865 round=2
RESULT hipblaslt 8192 8192 8192 1562.7 round=2
RESULT triton 4096 8192 4096 1213.518874 round=2
RESULT gluon_noplugin 4096 8192 4096 1311.530592 round=2
RESULT gluon_llirsched 4096 8192 4096 1515.845978 round=2
RESULT hipblaslt 4096 8192 4096 1478.0 round=2
RESULT triton 4096 106496 16384 1205.400081 round=2
RESULT gluon_noplugin 4096 106496 16384 1312.152583 round=2
RESULT gluon_llirsched 4096 106496 16384 1593.278765 round=2
RESULT hipblaslt 4096 106496 16384 1504.4 round=2
RESULT triton 4096 4096 8192 1279.082807 round=3
RESULT gluon_noplugin 4096 4096 8192 1347.412417 round=3
RESULT gluon_llirsched 4096 4096 8192 1576.022264 round=3
RESULT hipblaslt 4096 4096 8192 1505.4 round=3
RESULT triton 8192 8192 8192 1256.341644 round=3
RESULT gluon_noplugin 8192 8192 8192 1332.634088 round=3
RESULT gluon_llirsched 8192 8192 8192 1572.78792 round=3
RESULT hipblaslt 8192 8192 8192 1564.7 round=3
RESULT triton 4096 8192 4096 1217.399773 round=3
RESULT gluon_noplugin 4096 8192 4096 1302.596989 round=3
RESULT gluon_llirsched 4096 8192 4096 1523.020374 round=3
RESULT hipblaslt 4096 8192 4096 1478.5 round=3
RESULT triton 4096 106496 16384 1208.930638 round=3
RESULT gluon_noplugin 4096 106496 16384 1307.449562 round=3
RESULT gluon_llirsched 4096 106496 16384 1591.211021 round=3
RESULT hipblaslt 4096 106496 16384 1500.7 round=3
DONE
