env=nightly torch=2.15.0a0+rocm10.2.0a20260929 hip=7.17.26386 hipblaslt=100500(6054c511) triton=3.8.0@/home/jbowley/repos/triton_gfx950-tutorial-v2.2/python/triton gpu_pci_bus=117 gpu=gfx950:sramecc+:xnack- cus=256
RESULT triton 4096 4096 8192 1279.273003 round=1
RESULT gluon_noplugin 4096 4096 8192 1344.381856 round=1
RESULT gluon_llirsched 4096 4096 8192 1588.353488 round=1
RESULT hipblaslt 4096 4096 8192 1507.7 round=1
RESULT triton 8192 8192 8192 1258.877761 round=1
RESULT gluon_noplugin 8192 8192 8192 1328.412267 round=1
RESULT gluon_llirsched 8192 8192 8192 1578.811351 round=1
RESULT hipblaslt 8192 8192 8192 1567.9 round=1
RESULT triton 4096 8192 4096 1219.609634 round=1
RESULT gluon_noplugin 4096 8192 4096 1308.974961 round=1
RESULT gluon_llirsched 4096 8192 4096 1521.261408 round=1
RESULT hipblaslt 4096 8192 4096 1472.4 round=1
RESULT triton 4096 106496 16384 1210.828336 round=1
RESULT gluon_noplugin 4096 106496 16384 1295.174965 round=1
RESULT gluon_llirsched 4096 106496 16384 1593.486866 round=1
RESULT hipblaslt 4096 106496 16384 1459.0 round=1
RESULT triton 4096 4096 8192 1281.080575 round=2
RESULT gluon_noplugin 4096 4096 8192 1345.806464 round=2
RESULT gluon_llirsched 4096 4096 8192 1580.03529 round=2
RESULT hipblaslt 4096 4096 8192 1497.1 round=2
RESULT triton 8192 8192 8192 1252.936968 round=2
RESULT gluon_noplugin 8192 8192 8192 1331.020807 round=2
RESULT gluon_llirsched 8192 8192 8192 1575.874346 round=2
RESULT hipblaslt 8192 8192 8192 1564.8 round=2
RESULT triton 4096 8192 4096 1217.968558 round=2
RESULT gluon_noplugin 4096 8192 4096 1296.368015 round=2
RESULT gluon_llirsched 4096 8192 4096 1525.990777 round=2
RESULT hipblaslt 4096 8192 4096 1472.1 round=2
RESULT triton 4096 106496 16384 1206.647027 round=2
RESULT gluon_noplugin 4096 106496 16384 1309.447912 round=2
RESULT gluon_llirsched 4096 106496 16384 1594.11863 round=2
RESULT hipblaslt 4096 106496 16384 1456.7 round=2
RESULT triton 4096 4096 8192 1282.599144 round=3
RESULT gluon_noplugin 4096 4096 8192 1339.775043 round=3
RESULT gluon_llirsched 4096 4096 8192 1562.993179 round=3
RESULT hipblaslt 4096 4096 8192 1499.3 round=3
RESULT triton 8192 8192 8192 1255.401506 round=3
RESULT gluon_noplugin 8192 8192 8192 1328.34991 round=3
RESULT gluon_llirsched 8192 8192 8192 1579.260964 round=3
RESULT hipblaslt 8192 8192 8192 1563.7 round=3
RESULT triton 4096 8192 4096 1217.715682 round=3
RESULT gluon_noplugin 4096 8192 4096 1308.423386 round=3
RESULT gluon_llirsched 4096 8192 4096 1526.02443 round=3
RESULT hipblaslt 4096 8192 4096 1471.1 round=3
RESULT triton 4096 106496 16384 1198.263797 round=3
RESULT gluon_noplugin 4096 106496 16384 1296.836274 round=3
RESULT gluon_llirsched 4096 106496 16384 1590.871556 round=3
RESULT hipblaslt 4096 106496 16384 1457.9 round=3
DONE
