
============================================================
Config: base
============================================================
  Running: v0 (v0_sliceN) config=base
  ATT trace: /home/jbowley/repos/gfx950-gluon-tutorials/kernels/gemm/intra_wave/a4w4/tmp/base/v0_sliceN
  [v0_sliceN] M=4096 N=4096 K=32768: Triton and Torch match
  rocprofv3: collecting kernel trace for v0_sliceN ...
  rocprofv3: 1002 dispatches, final-100 avg=262.39 us, tflops=4190.4
  Running: v1 (v1_sliceMN) config=base
  ATT trace: /home/jbowley/repos/gfx950-gluon-tutorials/kernels/gemm/intra_wave/a4w4/tmp/base/v1_sliceMN
  [v1_sliceMN] M=4096 N=4096 K=32768: Triton and Torch match
  rocprofv3: collecting kernel trace for v1_sliceMN ...
  rocprofv3: 1002 dispatches, final-100 avg=250.21 us, tflops=4394.3

============================================================
Config: llir
============================================================
  Running: v0 (v0_sliceN) config=llir
  ATT trace: /home/jbowley/repos/gfx950-gluon-tutorials/kernels/gemm/intra_wave/a4w4/tmp/llir/v0_sliceN
  [v0_sliceN] M=4096 N=4096 K=32768: Triton and Torch match
  rocprofv3: collecting kernel trace for v0_sliceN ...
  rocprofv3: 1002 dispatches, final-100 avg=242.36 us, tflops=4536.7
  Running: v1 (v1_sliceMN) config=llir
  ATT trace: /home/jbowley/repos/gfx950-gluon-tutorials/kernels/gemm/intra_wave/a4w4/tmp/llir/v1_sliceMN
  [v1_sliceMN] M=4096 N=4096 K=32768: Triton and Torch match
  rocprofv3: collecting kernel trace for v1_sliceMN ...
  rocprofv3: 1002 dispatches, final-100 avg=233.07 us, tflops=4717.5

============================================================
Config: llir+amdgcnas
============================================================
  Running: v0 (v0_sliceN) config=llir+amdgcnas
  ATT trace: /home/jbowley/repos/gfx950-gluon-tutorials/kernels/gemm/intra_wave/a4w4/tmp/llir+amdgcnas/v0_sliceN
  [v0_sliceN] M=4096 N=4096 K=32768: Triton and Torch differ (max_diff=2784.0000)
  rocprofv3: collecting kernel trace for v0_sliceN ...
  rocprofv3: 1002 dispatches, final-100 avg=239.41 us, tflops=4592.6
  Running: v1 (v1_sliceMN) config=llir+amdgcnas
  ATT trace: /home/jbowley/repos/gfx950-gluon-tutorials/kernels/gemm/intra_wave/a4w4/tmp/llir+amdgcnas/v1_sliceMN
  [v1_sliceMN] M=4096 N=4096 K=32768: Triton and Torch match
  rocprofv3: collecting kernel trace for v1_sliceMN ...
  rocprofv3: 1002 dispatches, final-100 avg=228.12 us, tflops=4819.9

============================================================
RESULTS SUMMARY
============================================================

Config: base
| Version              | TFLOPS | VGPRs | Spills | MFMA Eff. |
|----------------------|--------|-------|--------|-----------|
| v0_sliceN            |   4190 |   512 |     16 |    58.67% |
| v1_sliceMN           |   4394 |   452 |      0 |    67.87% |


Config: llir
| Version              | TFLOPS | VGPRs | Spills | MFMA Eff. |
|----------------------|--------|-------|--------|-----------|
| v0_sliceN            |   4537 |   512 |     28 |    75.76% |
| v1_sliceMN           |   4718 |   456 |      0 |    84.23% |


Config: llir+amdgcnas
| Version              | TFLOPS | VGPRs | Spills | MFMA Eff. |
|----------------------|--------|-------|--------|-----------|
| v0_sliceN            |   4593 |   512 |     28 |    82.91% |
| v1_sliceMN           |   4820 |   456 |      0 |    93.06% |

