
============================================================
Skipped (not reported in tutorial; pass --allow-unreported to run):
  v10_persistant + base
  v11_persistant_overlap_global + base
  v12_persistant_overlap_lds + base
  v13_persistant_peel_acc + base
  v0_naive + llir
  v1_buffer_load + llir
  v2_async_copy + llir
  v3_lds + llir
  v4_global_prefetch + llir
  v0_naive + llir+amdgcnas
  v1_buffer_load + llir+amdgcnas
  v2_async_copy + llir+amdgcnas
  v3_lds + llir+amdgcnas
  v4_global_prefetch + llir+amdgcnas
  v5_local_prefetch + llir+amdgcnas
  v6_loop_unroll + llir+amdgcnas
============================================================

============================================================
Config: base
============================================================
  Running: v0 (v0_naive) config=base
  ATT trace: /home/jbowley/repos/gfx950-gluon-tutorials/kernels/gemm/intra_wave/a16w16/tmp/base/v0_naive
  [v0_naive] M=4096 N=4096 K=8192 dtype='fp16': ✅ Triton and Torch match
  rocprofv3: collecting kernel trace for v0_naive ...
  rocprofv3: 1002 dispatches, final-100 avg=467.08 us, tflops=588.5
  Running: v1 (v1_buffer_load) config=base
  ATT trace: /home/jbowley/repos/gfx950-gluon-tutorials/kernels/gemm/intra_wave/a16w16/tmp/base/v1_buffer_load
  [v1_buffer_load] M=4096 N=4096 K=8192 dtype='fp16': ✅ Triton and Torch match
  rocprofv3: collecting kernel trace for v1_buffer_load ...
  rocprofv3: 1002 dispatches, final-100 avg=504.10 us, tflops=545.3
  Running: v2 (v2_async_copy) config=base
  ATT trace: /home/jbowley/repos/gfx950-gluon-tutorials/kernels/gemm/intra_wave/a16w16/tmp/base/v2_async_copy
  [v2_async_copy] M=4096 N=4096 K=8192 dtype='fp16': ✅ Triton and Torch match
  rocprofv3: collecting kernel trace for v2_async_copy ...
  rocprofv3: 1002 dispatches, final-100 avg=415.77 us, tflops=661.1
  Running: v3 (v3_lds) config=base
  ATT trace: /home/jbowley/repos/gfx950-gluon-tutorials/kernels/gemm/intra_wave/a16w16/tmp/base/v3_lds
  [v3_lds] M=4096 N=4096 K=8192 dtype='fp16': ✅ Triton and Torch match
  rocprofv3: collecting kernel trace for v3_lds ...
  rocprofv3: 1002 dispatches, final-100 avg=369.28 us, tflops=744.4
  Running: v4 (v4_global_prefetch) config=base
  ATT trace: /home/jbowley/repos/gfx950-gluon-tutorials/kernels/gemm/intra_wave/a16w16/tmp/base/v4_global_prefetch
  [v4_global_prefetch] M=4096 N=4096 K=8192 dtype='fp16': ✅ Triton and Torch match
  rocprofv3: collecting kernel trace for v4_global_prefetch ...
  rocprofv3: 1002 dispatches, final-100 avg=257.06 us, tflops=1069.3
  Running: v5 (v5_local_prefetch) config=base
  ATT trace: /home/jbowley/repos/gfx950-gluon-tutorials/kernels/gemm/intra_wave/a16w16/tmp/base/v5_local_prefetch
  [v5_local_prefetch] M=4096 N=4096 K=8192 dtype='fp16': ✅ Triton and Torch match
  rocprofv3: collecting kernel trace for v5_local_prefetch ...
  rocprofv3: 1002 dispatches, final-100 avg=258.17 us, tflops=1064.7
  Running: v6 (v6_loop_unroll) config=base
  ATT trace: /home/jbowley/repos/gfx950-gluon-tutorials/kernels/gemm/intra_wave/a16w16/tmp/base/v6_loop_unroll
  [v6_loop_unroll] M=4096 N=4096 K=8192 dtype='fp16': ✅ Triton and Torch match
  rocprofv3: collecting kernel trace for v6_loop_unroll ...
  rocprofv3: 1002 dispatches, final-100 avg=1267.55 us, tflops=216.9
  Running: v7 (v7_sliceN) config=base
  ATT trace: /home/jbowley/repos/gfx950-gluon-tutorials/kernels/gemm/intra_wave/a16w16/tmp/base/v7_sliceN
  [v7_sliceN] M=4096 N=4096 K=8192 dtype='fp16': ✅ Triton and Torch match
  rocprofv3: collecting kernel trace for v7_sliceN ...
  rocprofv3: 1002 dispatches, final-100 avg=249.30 us, tflops=1102.6
  Running: v8 (v8_sliceMN) config=base
  ATT trace: /home/jbowley/repos/gfx950-gluon-tutorials/kernels/gemm/intra_wave/a16w16/tmp/base/v8_sliceMN
  [v8_sliceMN] M=4096 N=4096 K=8192 dtype='fp16': ✅ Triton and Torch match
  rocprofv3: collecting kernel trace for v8_sliceMN ...
  rocprofv3: 1002 dispatches, final-100 avg=232.33 us, tflops=1183.1
  Running: v9 (v9_beyond_hotloop) config=base
  ATT trace: /home/jbowley/repos/gfx950-gluon-tutorials/kernels/gemm/intra_wave/a16w16/tmp/base/v9_beyond_hotloop
  [v9_beyond_hotloop] M=4096 N=4096 K=8192 dtype='fp16': ✅ Triton and Torch match
  rocprofv3: collecting kernel trace for v9_beyond_hotloop ...
  rocprofv3: 1002 dispatches, final-100 avg=230.87 us, tflops=1190.6

============================================================
Config: llir
============================================================
  Running: v5 (v5_local_prefetch) config=llir
  ATT trace: /home/jbowley/repos/gfx950-gluon-tutorials/kernels/gemm/intra_wave/a16w16/tmp/llir/v5_local_prefetch
  [v5_local_prefetch] M=4096 N=4096 K=8192 dtype='fp16': ✅ Triton and Torch match
  rocprofv3: collecting kernel trace for v5_local_prefetch ...
  rocprofv3: 1002 dispatches, final-100 avg=235.87 us, tflops=1165.4
  Running: v6 (v6_loop_unroll) config=llir
  ATT trace: /home/jbowley/repos/gfx950-gluon-tutorials/kernels/gemm/intra_wave/a16w16/tmp/llir/v6_loop_unroll
  [v6_loop_unroll] M=4096 N=4096 K=8192 dtype='fp16': ✅ Triton and Torch match
  rocprofv3: collecting kernel trace for v6_loop_unroll ...
  rocprofv3: 1002 dispatches, final-100 avg=241.77 us, tflops=1136.9
  Running: v7 (v7_sliceN) config=llir
  ATT trace: /home/jbowley/repos/gfx950-gluon-tutorials/kernels/gemm/intra_wave/a16w16/tmp/llir/v7_sliceN
  [v7_sliceN] M=4096 N=4096 K=8192 dtype='fp16': ✅ Triton and Torch match
  rocprofv3: collecting kernel trace for v7_sliceN ...
  rocprofv3: 1002 dispatches, final-100 avg=207.51 us, tflops=1324.6
  Running: v8 (v8_sliceMN) config=llir
  ATT trace: /home/jbowley/repos/gfx950-gluon-tutorials/kernels/gemm/intra_wave/a16w16/tmp/llir/v8_sliceMN
  [v8_sliceMN] M=4096 N=4096 K=8192 dtype='fp16': ✅ Triton and Torch match
  rocprofv3: collecting kernel trace for v8_sliceMN ...
  rocprofv3: 1002 dispatches, final-100 avg=208.91 us, tflops=1315.8
  Running: v9 (v9_beyond_hotloop) config=llir
  ATT trace: /home/jbowley/repos/gfx950-gluon-tutorials/kernels/gemm/intra_wave/a16w16/tmp/llir/v9_beyond_hotloop
  [v9_beyond_hotloop] M=4096 N=4096 K=8192 dtype='fp16': ✅ Triton and Torch match
  rocprofv3: collecting kernel trace for v9_beyond_hotloop ...
  rocprofv3: 1002 dispatches, final-100 avg=205.91 us, tflops=1334.9
  Running: v10 (v10_persistant) config=llir
  ATT trace: /home/jbowley/repos/gfx950-gluon-tutorials/kernels/gemm/intra_wave/a16w16/tmp/llir/v10_persistant
  [v10_persistant] M=4096 N=4096 K=8192 dtype='fp16': ✅ Triton and Torch match
  rocprofv3: collecting kernel trace for v10_persistant ...
  rocprofv3: 1002 dispatches, final-100 avg=206.92 us, tflops=1328.4
  Running: v11 (v11_persistant_overlap_global) config=llir
  ATT trace: /home/jbowley/repos/gfx950-gluon-tutorials/kernels/gemm/intra_wave/a16w16/tmp/llir/v11_persistant_overlap_global
  [v11_persistant_overlap_global] M=4096 N=4096 K=8192 dtype='fp16': ✅ Triton and Torch match
  rocprofv3: collecting kernel trace for v11_persistant_overlap_global ...
  rocprofv3: 1002 dispatches, final-100 avg=207.07 us, tflops=1327.4
  Running: v12 (v12_persistant_overlap_lds) config=llir
  ATT trace: /home/jbowley/repos/gfx950-gluon-tutorials/kernels/gemm/intra_wave/a16w16/tmp/llir/v12_persistant_overlap_lds
  [v12_persistant_overlap_lds] M=4096 N=4096 K=8192 dtype='fp16': ✅ Triton and Torch match
  rocprofv3: collecting kernel trace for v12_persistant_overlap_lds ...
  rocprofv3: 1002 dispatches, final-100 avg=206.95 us, tflops=1328.2
  Running: v13 (v13_persistant_peel_acc) config=llir
  ATT trace: /home/jbowley/repos/gfx950-gluon-tutorials/kernels/gemm/intra_wave/a16w16/tmp/llir/v13_persistant_peel_acc
  [v13_persistant_peel_acc] M=4096 N=4096 K=8192 dtype='fp16': ✅ Triton and Torch match
  rocprofv3: collecting kernel trace for v13_persistant_peel_acc ...
  rocprofv3: 1002 dispatches, final-100 avg=207.80 us, tflops=1322.8

============================================================
Config: llir+amdgcnas
============================================================
  Running: v7 (v7_sliceN) config=llir+amdgcnas
  ATT trace: /home/jbowley/repos/gfx950-gluon-tutorials/kernels/gemm/intra_wave/a16w16/tmp/llir+amdgcnas/v7_sliceN
  [v7_sliceN] M=4096 N=4096 K=8192 dtype='fp16': ✅ Triton and Torch match
  rocprofv3: collecting kernel trace for v7_sliceN ...
  rocprofv3: 1002 dispatches, final-100 avg=208.60 us, tflops=1317.7
  Running: v8 (v8_sliceMN) config=llir+amdgcnas
  ATT trace: /home/jbowley/repos/gfx950-gluon-tutorials/kernels/gemm/intra_wave/a16w16/tmp/llir+amdgcnas/v8_sliceMN
  [v8_sliceMN] M=4096 N=4096 K=8192 dtype='fp16': ✅ Triton and Torch match
  rocprofv3: collecting kernel trace for v8_sliceMN ...
  rocprofv3: 1002 dispatches, final-100 avg=207.72 us, tflops=1323.3
  Running: v9 (v9_beyond_hotloop) config=llir+amdgcnas
  ATT trace: /home/jbowley/repos/gfx950-gluon-tutorials/kernels/gemm/intra_wave/a16w16/tmp/llir+amdgcnas/v9_beyond_hotloop
  [v9_beyond_hotloop] M=4096 N=4096 K=8192 dtype='fp16': ✅ Triton and Torch match
  rocprofv3: collecting kernel trace for v9_beyond_hotloop ...
  rocprofv3: 1002 dispatches, final-100 avg=205.85 us, tflops=1335.3
  Running: v10 (v10_persistant) config=llir+amdgcnas
  ATT trace: /home/jbowley/repos/gfx950-gluon-tutorials/kernels/gemm/intra_wave/a16w16/tmp/llir+amdgcnas/v10_persistant
  [v10_persistant] M=4096 N=4096 K=8192 dtype='fp16': ✅ Triton and Torch match
  rocprofv3: collecting kernel trace for v10_persistant ...
  rocprofv3: 1002 dispatches, final-100 avg=205.97 us, tflops=1334.6
  Running: v11 (v11_persistant_overlap_global) config=llir+amdgcnas
  ATT trace: /home/jbowley/repos/gfx950-gluon-tutorials/kernels/gemm/intra_wave/a16w16/tmp/llir+amdgcnas/v11_persistant_overlap_global
  [v11_persistant_overlap_global] M=4096 N=4096 K=8192 dtype='fp16': ✅ Triton and Torch match
  rocprofv3: collecting kernel trace for v11_persistant_overlap_global ...
  rocprofv3: 1002 dispatches, final-100 avg=205.67 us, tflops=1336.5
  Running: v12 (v12_persistant_overlap_lds) config=llir+amdgcnas
  ATT trace: /home/jbowley/repos/gfx950-gluon-tutorials/kernels/gemm/intra_wave/a16w16/tmp/llir+amdgcnas/v12_persistant_overlap_lds
  [v12_persistant_overlap_lds] M=4096 N=4096 K=8192 dtype='fp16': ✅ Triton and Torch match
  rocprofv3: collecting kernel trace for v12_persistant_overlap_lds ...
  rocprofv3: 1002 dispatches, final-100 avg=206.50 us, tflops=1331.1
  Running: v13 (v13_persistant_peel_acc) config=llir+amdgcnas
  ATT trace: /home/jbowley/repos/gfx950-gluon-tutorials/kernels/gemm/intra_wave/a16w16/tmp/llir+amdgcnas/v13_persistant_peel_acc
  [v13_persistant_peel_acc] M=4096 N=4096 K=8192 dtype='fp16': ✅ Triton and Torch match
  rocprofv3: collecting kernel trace for v13_persistant_peel_acc ...
  rocprofv3: 1002 dispatches, final-100 avg=207.13 us, tflops=1327.0

============================================================
RESULTS SUMMARY
============================================================

Config: base
| Version              | TFLOPS | VGPRs | Spills | MFMA Eff. |
|----------------------|--------|-------|--------|-----------|
| v0_naive             |    588 |   450 |      0 |    29.03% |
| v1_buffer_load       |    545 |   512 |      0 |    25.89% |
| v2_async_copy        |    661 |   358 |      0 |    32.82% |
| v3_lds               |    744 |   420 |      0 |    40.99% |
| v4_global_prefetch   |   1069 |   434 |      0 |    57.62% |
| v5_local_prefetch    |   1065 |   452 |      0 |    58.54% |
| v6_loop_unroll       |    217 |   512 |    241 |     8.52% |
| v7_sliceN            |   1103 |   512 |      8 |    65.90% |
| v8_sliceMN           |   1183 |   448 |      0 |    71.53% |
| v9_beyond_hotloop    |   1191 |   448 |      0 |    71.80% |


Config: llir
| Version              | TFLOPS | VGPRs | Spills | MFMA Eff. |
|----------------------|--------|-------|--------|-----------|
| v5_local_prefetch    |   1165 |   512 |      0 |    80.48% |
| v6_loop_unroll       |   1137 |   511 |      8 |    90.01% |
| v7_sliceN            |   1325 |   512 |      8 |    97.16% |
| v8_sliceMN           |   1316 |   448 |      0 |    95.63% |
| v9_beyond_hotloop    |   1335 |   448 |      0 |    95.98% |
| v10_persistant       |   1328 |   480 |      0 |    95.83% |
| v11_persistant_overlap_global |   1327 |   452 |      0 |    96.45% |
| v12_persistant_overlap_lds |   1328 |   440 |      0 |    95.74% |
| v13_persistant_peel_acc |   1323 |   480 |      0 |    95.59% |


Config: llir+amdgcnas
| Version              | TFLOPS | VGPRs | Spills | MFMA Eff. |
|----------------------|--------|-------|--------|-----------|
| v7_sliceN            |   1318 |   512 |      8 |    98.11% |
| v8_sliceMN           |   1323 |   448 |      0 |    98.22% |
| v9_beyond_hotloop    |   1335 |   448 |      0 |    98.11% |
| v10_persistant       |   1335 |   480 |      0 |    97.53% |
| v11_persistant_overlap_global |   1336 |   452 |      0 |    98.23% |
| v12_persistant_overlap_lds |   1331 |   440 |      0 |    97.55% |
| v13_persistant_peel_acc |   1327 |   480 |      0 |    97.80% |

