
============================================================
Config: base
============================================================
  Running: v0 (v0_sliceN) config=base
  ATT trace: /home/jbowley/repos/gfx950-gluon-tutorials/kernels/gemm/intra_wave/a4w4/tmp/base/v0_sliceN
  [v0_sliceN] M=4096 N=4096 K=32768: Triton and Torch match
  rocprofv3: collecting kernel trace for v0_sliceN ...
  rocprofv3: 1002 dispatches, final-100 avg=262.20 us, tflops=4193.5
  Running: v1 (v1_sliceMN) config=base
  ATT trace: /home/jbowley/repos/gfx950-gluon-tutorials/kernels/gemm/intra_wave/a4w4/tmp/base/v1_sliceMN
  [v1_sliceMN] M=4096 N=4096 K=32768: Triton and Torch match
  rocprofv3: collecting kernel trace for v1_sliceMN ...
  rocprofv3: 1002 dispatches, final-100 avg=250.04 us, tflops=4397.3

============================================================
Config: llir
============================================================
  Running: v0 (v0_sliceN) config=llir
  ATT trace: /home/jbowley/repos/gfx950-gluon-tutorials/kernels/gemm/intra_wave/a4w4/tmp/llir/v0_sliceN
  [v0_sliceN] M=4096 N=4096 K=32768: Triton and Torch match
  rocprofv3: collecting kernel trace for v0_sliceN ...
  rocprofv3: 1002 dispatches, final-100 avg=243.18 us, tflops=4521.4
  Running: v1 (v1_sliceMN) config=llir
  ATT trace: /home/jbowley/repos/gfx950-gluon-tutorials/kernels/gemm/intra_wave/a4w4/tmp/llir/v1_sliceMN
  [v1_sliceMN] M=4096 N=4096 K=32768: Triton and Torch match
  rocprofv3: collecting kernel trace for v1_sliceMN ...
  rocprofv3: 1002 dispatches, final-100 avg=232.98 us, tflops=4719.4

============================================================
Config: llir+amdgcnas
============================================================
  Running: v0 (v0_sliceN) config=llir+amdgcnas
  ATT trace: /home/jbowley/repos/gfx950-gluon-tutorials/kernels/gemm/intra_wave/a4w4/tmp/llir+amdgcnas/v0_sliceN
  [v0_sliceN] M=4096 N=4096 K=32768: Triton and Torch match
  rocprofv3: collecting kernel trace for v0_sliceN ...
  rocprofv3: 1002 dispatches, final-100 avg=239.93 us, tflops=4582.6
  Running: v1 (v1_sliceMN) config=llir+amdgcnas
  ATT trace: /home/jbowley/repos/gfx950-gluon-tutorials/kernels/gemm/intra_wave/a4w4/tmp/llir+amdgcnas/v1_sliceMN
  [v1_sliceMN] M=4096 N=4096 K=32768: Triton and Torch match
  rocprofv3: collecting kernel trace for v1_sliceMN ...
  rocprofv3: 1002 dispatches, final-100 avg=228.58 us, tflops=4810.3

============================================================
RESULTS SUMMARY
============================================================

Config: base
| Version              | TFLOPS | VGPRs | Spills | MFMA Eff. |
|----------------------|--------|-------|--------|-----------|
| v0_sliceN            |   4193 |   512 |     16 |    58.62% |
| v1_sliceMN           |   4397 |   452 |      0 |    67.71% |


Config: llir
| Version              | TFLOPS | VGPRs | Spills | MFMA Eff. |
|----------------------|--------|-------|--------|-----------|
| v0_sliceN            |   4521 |   512 |     28 |    76.04% |
| v1_sliceMN           |   4719 |   456 |      0 |    84.07% |


Config: llir+amdgcnas
| Version              | TFLOPS | VGPRs | Spills | MFMA Eff. |
|----------------------|--------|-------|--------|-----------|
| v0_sliceN            |   4583 |   512 |     28 |    81.55% |
| v1_sliceMN           |   4810 |   456 |      0 |    92.59% |

