
============================================================
Config: llir
============================================================
  Running: v9 (v9_beyond_hotloop) config=llir
  ATT trace: /home/jbowley/repos/gfx950-gluon-tutorials/kernels/gemm/intra_wave/a16w16/tmp/llir/v9_beyond_hotloop
  [v9_beyond_hotloop] M=4096 N=4096 K=8192 dtype='bf16': ✅ Triton and Torch match
  rocprofv3: collecting kernel trace for v9_beyond_hotloop ...
  rocprofv3: 1002 dispatches, final-100 avg=193.00 us, tflops=1424.3
  Running: v10 (v10_persistant) config=llir
  ATT trace: /home/jbowley/repos/gfx950-gluon-tutorials/kernels/gemm/intra_wave/a16w16/tmp/llir/v10_persistant
  [v10_persistant] M=4096 N=4096 K=8192 dtype='bf16': ✅ Triton and Torch match
  rocprofv3: collecting kernel trace for v10_persistant ...
  rocprofv3: 1002 dispatches, final-100 avg=193.56 us, tflops=1420.1
  Running: v11 (v11_persistant_overlap_global) config=llir
  ATT trace: /home/jbowley/repos/gfx950-gluon-tutorials/kernels/gemm/intra_wave/a16w16/tmp/llir/v11_persistant_overlap_global
  [v11_persistant_overlap_global] M=4096 N=4096 K=8192 dtype='bf16': ✅ Triton and Torch match
  rocprofv3: collecting kernel trace for v11_persistant_overlap_global ...
  rocprofv3: 1002 dispatches, final-100 avg=193.78 us, tflops=1418.5
  Running: v12 (v12_persistant_overlap_lds) config=llir
  ATT trace: /home/jbowley/repos/gfx950-gluon-tutorials/kernels/gemm/intra_wave/a16w16/tmp/llir/v12_persistant_overlap_lds
  [v12_persistant_overlap_lds] M=4096 N=4096 K=8192 dtype='bf16': ✅ Triton and Torch match
  rocprofv3: collecting kernel trace for v12_persistant_overlap_lds ...
  rocprofv3: 1002 dispatches, final-100 avg=193.79 us, tflops=1418.4
  Running: v13 (v13_persistant_peel_acc) config=llir
  ATT trace: /home/jbowley/repos/gfx950-gluon-tutorials/kernels/gemm/intra_wave/a16w16/tmp/llir/v13_persistant_peel_acc
  [v13_persistant_peel_acc] M=4096 N=4096 K=8192 dtype='bf16': ✅ Triton and Torch match
  rocprofv3: collecting kernel trace for v13_persistant_peel_acc ...
  rocprofv3: 1002 dispatches, final-100 avg=193.47 us, tflops=1420.8

============================================================
Config: llir+amdgcnas
============================================================
  Running: v9 (v9_beyond_hotloop) config=llir+amdgcnas
  ATT trace: /home/jbowley/repos/gfx950-gluon-tutorials/kernels/gemm/intra_wave/a16w16/tmp/llir+amdgcnas/v9_beyond_hotloop
  [v9_beyond_hotloop] M=4096 N=4096 K=8192 dtype='bf16': ✅ Triton and Torch match
  rocprofv3: collecting kernel trace for v9_beyond_hotloop ...
  rocprofv3: 1002 dispatches, final-100 avg=192.05 us, tflops=1431.3
  Running: v10 (v10_persistant) config=llir+amdgcnas
  ATT trace: /home/jbowley/repos/gfx950-gluon-tutorials/kernels/gemm/intra_wave/a16w16/tmp/llir+amdgcnas/v10_persistant
  [v10_persistant] M=4096 N=4096 K=8192 dtype='bf16': ✅ Triton and Torch match
  rocprofv3: collecting kernel trace for v10_persistant ...
  rocprofv3: 1002 dispatches, final-100 avg=193.10 us, tflops=1423.5
  Running: v11 (v11_persistant_overlap_global) config=llir+amdgcnas
  ATT trace: /home/jbowley/repos/gfx950-gluon-tutorials/kernels/gemm/intra_wave/a16w16/tmp/llir+amdgcnas/v11_persistant_overlap_global
  [v11_persistant_overlap_global] M=4096 N=4096 K=8192 dtype='bf16': ✅ Triton and Torch match
  rocprofv3: collecting kernel trace for v11_persistant_overlap_global ...
  rocprofv3: 1002 dispatches, final-100 avg=193.17 us, tflops=1423.0
  Running: v12 (v12_persistant_overlap_lds) config=llir+amdgcnas
  ATT trace: /home/jbowley/repos/gfx950-gluon-tutorials/kernels/gemm/intra_wave/a16w16/tmp/llir+amdgcnas/v12_persistant_overlap_lds
  [v12_persistant_overlap_lds] M=4096 N=4096 K=8192 dtype='bf16': ✅ Triton and Torch match
  rocprofv3: collecting kernel trace for v12_persistant_overlap_lds ...
  rocprofv3: 1002 dispatches, final-100 avg=192.66 us, tflops=1426.7
  Running: v13 (v13_persistant_peel_acc) config=llir+amdgcnas
  ATT trace: /home/jbowley/repos/gfx950-gluon-tutorials/kernels/gemm/intra_wave/a16w16/tmp/llir+amdgcnas/v13_persistant_peel_acc
  [v13_persistant_peel_acc] M=4096 N=4096 K=8192 dtype='bf16': ✅ Triton and Torch match
  rocprofv3: collecting kernel trace for v13_persistant_peel_acc ...
  rocprofv3: 1002 dispatches, final-100 avg=192.79 us, tflops=1425.8

============================================================
RESULTS SUMMARY
============================================================

Config: llir
| Version              | TFLOPS | VGPRs | Spills | MFMA Eff. |
|----------------------|--------|-------|--------|-----------|
| v9_beyond_hotloop    |   1424 |   448 |      0 |    94.59% |
| v10_persistant       |   1420 |   488 |      0 |    94.81% |
| v11_persistant_overlap_global |   1419 |   464 |      0 |    95.16% |
| v12_persistant_overlap_lds |   1418 |   444 |      0 |    94.79% |
| v13_persistant_peel_acc |   1421 |   488 |      0 |    95.82% |


Config: llir+amdgcnas
| Version              | TFLOPS | VGPRs | Spills | MFMA Eff. |
|----------------------|--------|-------|--------|-----------|
| v9_beyond_hotloop    |   1431 |   448 |      0 |    97.48% |
| v10_persistant       |   1424 |   488 |      0 |    97.58% |
| v11_persistant_overlap_global |   1423 |   464 |      0 |    97.42% |
| v12_persistant_overlap_lds |   1427 |   444 |      0 |    97.57% |
| v13_persistant_peel_acc |   1426 |   488 |      0 |    98.05% |

