
============================================================
Config: llir+amdgcnas
============================================================
  Running: v9 (v9_beyond_hotloop) config=llir+amdgcnas
  ATT trace: /home/jbowley/repos/gfx950-gluon-tutorials/kernels/gemm/intra_wave/a16w16/tmp/llir+amdgcnas/v9_beyond_hotloop
  [v9_beyond_hotloop] M=2048 N=2304 K=16384 dtype='bf16': ✅ Triton and Torch match
  rocprofv3: collecting kernel trace for v9_beyond_hotloop ...
  rocprofv3: 1002 dispatches, final-100 avg=281.02 us, tflops=550.2
  Running: v10 (v10_persistant) config=llir+amdgcnas
  ATT trace: /home/jbowley/repos/gfx950-gluon-tutorials/kernels/gemm/intra_wave/a16w16/tmp/llir+amdgcnas/v10_persistant
  [v10_persistant] M=2048 N=2304 K=16384 dtype='bf16': ✅ Triton and Torch match
  rocprofv3: collecting kernel trace for v10_persistant ...
  rocprofv3: 1002 dispatches, final-100 avg=282.66 us, tflops=547.0
  Running: v11 (v11_persistant_overlap_global) config=llir+amdgcnas
  ATT trace: /home/jbowley/repos/gfx950-gluon-tutorials/kernels/gemm/intra_wave/a16w16/tmp/llir+amdgcnas/v11_persistant_overlap_global
  [v11_persistant_overlap_global] M=2048 N=2304 K=16384 dtype='bf16': ✅ Triton and Torch match
  rocprofv3: collecting kernel trace for v11_persistant_overlap_global ...
  rocprofv3: 1002 dispatches, final-100 avg=283.39 us, tflops=545.6
  Running: v12 (v12_persistant_overlap_lds) config=llir+amdgcnas
  ATT trace: /home/jbowley/repos/gfx950-gluon-tutorials/kernels/gemm/intra_wave/a16w16/tmp/llir+amdgcnas/v12_persistant_overlap_lds
  [v12_persistant_overlap_lds] M=2048 N=2304 K=16384 dtype='bf16': ✅ Triton and Torch match
  rocprofv3: collecting kernel trace for v12_persistant_overlap_lds ...
  rocprofv3: 1002 dispatches, final-100 avg=283.38 us, tflops=545.6
  Running: v13 (v13_persistant_peel_acc) config=llir+amdgcnas
  ATT trace: /home/jbowley/repos/gfx950-gluon-tutorials/kernels/gemm/intra_wave/a16w16/tmp/llir+amdgcnas/v13_persistant_peel_acc
  [v13_persistant_peel_acc] M=2048 N=2304 K=16384 dtype='bf16': ✅ Triton and Torch match
  rocprofv3: collecting kernel trace for v13_persistant_peel_acc ...
  rocprofv3: 1002 dispatches, final-100 avg=283.05 us, tflops=546.3

============================================================
RESULTS SUMMARY
============================================================

Config: llir+amdgcnas
| Version              | TFLOPS | VGPRs | Spills | MFMA Eff. |
|----------------------|--------|-------|--------|-----------|
| v9_beyond_hotloop    |    550 |   448 |      0 |    98.08% |
| v10_persistant       |    547 |   488 |      0 |     0.00% |
| v11_persistant_overlap_global |    546 |   464 |      0 |    98.55% |
| v12_persistant_overlap_lds |    546 |   444 |      0 |     0.00% |
| v13_persistant_peel_acc |    546 |   488 |      0 |    98.09% |

