
============================================================
Config: llir+amdgcnas
============================================================
  Running: v9 (v9_beyond_hotloop) config=llir+amdgcnas
  ATT trace: /home/jbowley/repos/gfx950-gluon-tutorials/kernels/gemm/intra_wave/a16w16/tmp/llir+amdgcnas/v9_beyond_hotloop
  [v9_beyond_hotloop] M=4096 N=8192 K=1024 dtype='bf16': ✅ Triton and Torch match
  rocprofv3: collecting kernel trace for v9_beyond_hotloop ...
  rocprofv3: 1002 dispatches, final-100 avg=61.22 us, tflops=1122.6
  Running: v10 (v10_persistant) config=llir+amdgcnas
  ATT trace: /home/jbowley/repos/gfx950-gluon-tutorials/kernels/gemm/intra_wave/a16w16/tmp/llir+amdgcnas/v10_persistant
  [v10_persistant] M=4096 N=8192 K=1024 dtype='bf16': ✅ Triton and Torch match
  rocprofv3: collecting kernel trace for v10_persistant ...
  rocprofv3: 1002 dispatches, final-100 avg=61.79 us, tflops=1112.1
  Running: v11 (v11_persistant_overlap_global) config=llir+amdgcnas
  ATT trace: /home/jbowley/repos/gfx950-gluon-tutorials/kernels/gemm/intra_wave/a16w16/tmp/llir+amdgcnas/v11_persistant_overlap_global
  [v11_persistant_overlap_global] M=4096 N=8192 K=1024 dtype='bf16': ✅ Triton and Torch match
  rocprofv3: collecting kernel trace for v11_persistant_overlap_global ...
  rocprofv3: 1002 dispatches, final-100 avg=60.44 us, tflops=1136.9
  Running: v12 (v12_persistant_overlap_lds) config=llir+amdgcnas
  ATT trace: /home/jbowley/repos/gfx950-gluon-tutorials/kernels/gemm/intra_wave/a16w16/tmp/llir+amdgcnas/v12_persistant_overlap_lds
  [v12_persistant_overlap_lds] M=4096 N=8192 K=1024 dtype='bf16': ✅ Triton and Torch match
  rocprofv3: collecting kernel trace for v12_persistant_overlap_lds ...
  rocprofv3: 1002 dispatches, final-100 avg=60.30 us, tflops=1139.6
  Running: v13 (v13_persistant_peel_acc) config=llir+amdgcnas
  ATT trace: /home/jbowley/repos/gfx950-gluon-tutorials/kernels/gemm/intra_wave/a16w16/tmp/llir+amdgcnas/v13_persistant_peel_acc
  [v13_persistant_peel_acc] M=4096 N=8192 K=1024 dtype='bf16': ✅ Triton and Torch match
  rocprofv3: collecting kernel trace for v13_persistant_peel_acc ...
  rocprofv3: 1002 dispatches, final-100 avg=61.26 us, tflops=1121.8

============================================================
RESULTS SUMMARY
============================================================

Config: llir+amdgcnas
| Version              | TFLOPS | VGPRs | Spills | MFMA Eff. |
|----------------------|--------|-------|--------|-----------|
| v9_beyond_hotloop    |   1123 |   448 |      0 |    98.09% |
| v10_persistant       |   1112 |   488 |      0 |    97.67% |
| v11_persistant_overlap_global |   1137 |   464 |      0 |    98.06% |
| v12_persistant_overlap_lds |   1140 |   444 |      0 |    97.65% |
| v13_persistant_peel_acc |   1122 |   488 |      0 |    98.13% |

