[v9_beyond_hotloop] M=32768 N=5120 K=640 dtype='bf16': ✅ Triton and Torch match
[v9_beyond_hotloop] M=32768 N=5120 K=640 dtype='bf16': rotating tensors: 1 copies, 366 MB
[v9_beyond_hotloop] M=32768 N=5120 K=640 dtype='bf16': 1000 iterations done

W0928 13:46:41.587252  529309 simple_timer.cpp:55] [rocprofv3] tool initialization ::     0.000502 sec
W0928 13:46:41.587412  529309 simple_timer.cpp:55] [rocprofv3] '/opt/venv/bin/python /home/jbowley/repos/gfx950-gluon-tutorials/experiments/aiter_256x256_loss_investigation/run_compare.py --worker --version 9 --M 32768 --N 5120 --K 640 --iters 1000 --rotating-buffer-size 512' ::     0.000000 sec
W0928 13:46:42.567805  529309 tool.cpp:3082] HSA version 1.21.0 initialized (instance=0)
W0928 13:46:42.679325  529475 simple_timer.cpp:55] [rocprofv3] tool initialization ::     0.000319 sec
W0928 13:46:42.679480  529475 simple_timer.cpp:55] [rocprofv3] '/bin/sh /sbin/ldconfig -p' ::     0.000000 sec
W0928 13:46:42.879515  529481 simple_timer.cpp:55] [rocprofv3] tool initialization ::     0.000311 sec
W0928 13:46:42.879719  529481 simple_timer.cpp:55] [rocprofv3] '/usr/bin/gcc /tmp/tmpwa_pyl3t/hip_utils.c -O3 -shared -fPIC -Wno-psabi -o /tmp/tmp8ldu9vaj/hip_utils.cpython-312-x86_64-linux-gnu.so -I/home/jbowley/repos/triton_gfx950-tutorial-v2.1/third_party/amd/backend/include -I/tmp/tmp8ldu9vaj -I/usr/include/python3.12' ::     0.000000 sec
W0928 13:46:42.974377  529484 simple_timer.cpp:55] [rocprofv3] tool initialization ::     0.000340 sec
W0928 13:46:42.974564  529484 simple_timer.cpp:55] [rocprofv3] '/usr/libexec/gcc/x86_64-linux-gnu/13/cc1 -quiet -I /home/jbowley/repos/triton_gfx950-tutorial-v2.1/third_party/amd/backend/include -I /tmp/tmp8ldu9vaj -I /usr/include/python3.12 -imultiarch x86_64-linux-gnu /tmp/tmpwa_pyl3t/hip_utils.c -D_FORTIFY_SOURCE=3 -quiet -dumpdir /tmp/tmp8ldu9vaj/hip_utils.cpython-312-x86_64-linux-gnu.so- -dumpbase hip_utils.c -dumpbase-ext .c -mtune=generic -march=x86-64 -O3 -Wno-psabi -fPIC -fasynchronous-unwind-tables -fstack-protector-strong -Wformat -Wformat-security -fstack-clash-protection -fcf-protection -o /tmp/ccAeqF2B.s' ::     0.000000 sec
W0928 13:46:43.138817  529484 simple_timer.cpp:55] [rocprofv3] '/usr/libexec/gcc/x86_64-linux-gnu/13/cc1 -quiet -I /home/jbowley/repos/triton_gfx950-tutorial-v2.1/third_party/amd/backend/include -I /tmp/tmp8ldu9vaj -I /usr/include/python3.12 -imultiarch x86_64-linux-gnu /tmp/tmpwa_pyl3t/hip_utils.c -D_FORTIFY_SOURCE=3 -quiet -dumpdir /tmp/tmp8ldu9vaj/hip_utils.cpython-312-x86_64-linux-gnu.so- -dumpbase hip_utils.c -dumpbase-ext .c -mtune=generic -march=x86-64 -O3 -Wno-psabi -fPIC -fasynchronous-unwind-tables -fstack-protector-strong -Wformat -Wformat-security -fstack-clash-protection -fcf-protection -o /tmp/ccAeqF2B.s' ::     0.164253 sec
W0928 13:46:43.139834  529484 simple_timer.cpp:55] [rocprofv3] output generation ::     0.000888 sec
W0928 13:46:43.139920  529484 simple_timer.cpp:55] [rocprofv3] tool finalization ::     0.001042 sec
W0928 13:46:43.238320  529488 simple_timer.cpp:55] [rocprofv3] tool initialization ::     0.000343 sec
W0928 13:46:43.238490  529488 simple_timer.cpp:55] [rocprofv3] 'as -I /home/jbowley/repos/triton_gfx950-tutorial-v2.1/third_party/amd/backend/include -I /tmp/tmp8ldu9vaj -I /usr/include/python3.12 --64 -o /tmp/cc9CoJf2.o /tmp/ccAeqF2B.s' ::     0.000000 sec
W0928 13:46:43.241666  529488 simple_timer.cpp:55] [rocprofv3] output generation ::     0.000764 sec
W0928 13:46:43.241739  529488 simple_timer.cpp:55] [rocprofv3] tool finalization ::     0.000879 sec
W0928 13:46:43.341012  529492 simple_timer.cpp:55] [rocprofv3] tool initialization ::     0.000398 sec
W0928 13:46:43.341187  529492 simple_timer.cpp:55] [rocprofv3] '/usr/libexec/gcc/x86_64-linux-gnu/13/collect2 -plugin /usr/libexec/gcc/x86_64-linux-gnu/13/liblto_plugin.so -plugin-opt=/usr/libexec/gcc/x86_64-linux-gnu/13/lto-wrapper -plugin-opt=-fresolution=/tmp/ccPw4CHG.res -plugin-opt=-pass-through=-lgcc -plugin-opt=-pass-through=-lgcc_s -plugin-opt=-pass-through=-lc -plugin-opt=-pass-through=-lgcc -plugin-opt=-pass-through=-lgcc_s --build-id --eh-frame-hdr -m elf_x86_64 --hash-style=gnu --as-needed -shared -z relro -o /tmp/tmp8ldu9vaj/hip_utils.cpython-312-x86_64-linux-gnu.so /usr/lib/gcc/x86_64-linux-gnu/13/../../../x86_64-linux-gnu/crti.o /usr/lib/gcc/x86_64-linux-gnu/13/crtbeginS.o -L/opt/venv/lib/python3.12/site-packages/_rocm_sdk_devel/lib/host-math/lib/../lib -L/opt/venv/lib/python3.12/site-packages/_rocm_sdk_devel/lib/rocm_sysdeps/lib/../lib -L/usr/lib/gcc/x86_64-linux-gnu/13 -L/usr/lib/gcc/x86_64-linux-gnu/13/../../../x86_64-linux-gnu -L/usr/lib/gcc/x86_64-linux-gnu/13/../../../../lib -L/lib/x86_64-linux-gnu -L/lib/../lib -L/usr/lib/x86_64-linux-gnu -L/usr/lib/../lib -L/opt/venv/lib/python3.12/site-packages/_rocm_sdk_devel/lib/host-math/lib -L/opt/venv/lib/python3.12/site-packages/_rocm_sdk_devel/lib/rocm_sysdeps/lib -L/usr/lib/gcc/x86_64-linux-gnu/13/../../.. /tmp/cc9CoJf2.o -lgcc --push-state --as-needed -lgcc_s --pop-state -lc -lgcc --push-state --as-needed -lgcc_s --pop-state /usr/lib/gcc/x86_64-linux-gnu/13/crtendS.o /usr/lib/gcc/x86_64-linux-gnu/13/../../../x86_64-linux-gnu/crtn.o' ::     0.000000 sec
W0928 13:46:43.418066  529499 simple_timer.cpp:55] [rocprofv3] tool initialization ::     0.000307 sec
W0928 13:46:43.418247  529499 simple_timer.cpp:55] [rocprofv3] '/usr/bin/ld -plugin /usr/libexec/gcc/x86_64-linux-gnu/13/liblto_plugin.so -plugin-opt=/usr/libexec/gcc/x86_64-linux-gnu/13/lto-wrapper -plugin-opt=-fresolution=/tmp/ccPw4CHG.res -plugin-opt=-pass-through=-lgcc -plugin-opt=-pass-through=-lgcc_s -plugin-opt=-pass-through=-lc -plugin-opt=-pass-through=-lgcc -plugin-opt=-pass-through=-lgcc_s --build-id --eh-frame-hdr -m elf_x86_64 --hash-style=gnu --as-needed -shared -z relro -o /tmp/tmp8ldu9vaj/hip_utils.cpython-312-x86_64-linux-gnu.so /usr/lib/gcc/x86_64-linux-gnu/13/../../../x86_64-linux-gnu/crti.o /usr/lib/gcc/x86_64-linux-gnu/13/crtbeginS.o -L/opt/venv/lib/python3.12/site-packages/_rocm_sdk_devel/lib/host-math/lib/../lib -L/opt/venv/lib/python3.12/site-packages/_rocm_sdk_devel/lib/rocm_sysdeps/lib/../lib -L/usr/lib/gcc/x86_64-linux-gnu/13 -L/usr/lib/gcc/x86_64-linux-gnu/13/../../../x86_64-linux-gnu -L/usr/lib/gcc/x86_64-linux-gnu/13/../../../../lib -L/lib/x86_64-linux-gnu -L/lib/../lib -L/usr/lib/x86_64-linux-gnu -L/usr/lib/../lib -L/opt/venv/lib/python3.12/site-packages/_rocm_sdk_devel/lib/host-math/lib -L/opt/venv/lib/python3.12/site-packages/_rocm_sdk_devel/lib/rocm_sysdeps/lib -L/usr/lib/gcc/x86_64-linux-gnu/13/../../.. /tmp/cc9CoJf2.o -lgcc --push-state --as-needed -lgcc_s --pop-state -lc -lgcc --push-state --as-needed -lgcc_s --pop-state /usr/lib/gcc/x86_64-linux-gnu/13/crtendS.o /usr/lib/gcc/x86_64-linux-gnu/13/../../../x86_64-linux-gnu/crtn.o' ::     0.000000 sec
W0928 13:46:43.425087  529499 simple_timer.cpp:55] [rocprofv3] output generation ::     0.000796 sec
W0928 13:46:43.425167  529499 simple_timer.cpp:55] [rocprofv3] tool finalization ::     0.000925 sec
W0928 13:46:43.427512  529492 simple_timer.cpp:55] [rocprofv3] '/usr/libexec/gcc/x86_64-linux-gnu/13/collect2 -plugin /usr/libexec/gcc/x86_64-linux-gnu/13/liblto_plugin.so -plugin-opt=/usr/libexec/gcc/x86_64-linux-gnu/13/lto-wrapper -plugin-opt=-fresolution=/tmp/ccPw4CHG.res -plugin-opt=-pass-through=-lgcc -plugin-opt=-pass-through=-lgcc_s -plugin-opt=-pass-through=-lc -plugin-opt=-pass-through=-lgcc -plugin-opt=-pass-through=-lgcc_s --build-id --eh-frame-hdr -m elf_x86_64 --hash-style=gnu --as-needed -shared -z relro -o /tmp/tmp8ldu9vaj/hip_utils.cpython-312-x86_64-linux-gnu.so /usr/lib/gcc/x86_64-linux-gnu/13/../../../x86_64-linux-gnu/crti.o /usr/lib/gcc/x86_64-linux-gnu/13/crtbeginS.o -L/opt/venv/lib/python3.12/site-packages/_rocm_sdk_devel/lib/host-math/lib/../lib -L/opt/venv/lib/python3.12/site-packages/_rocm_sdk_devel/lib/rocm_sysdeps/lib/../lib -L/usr/lib/gcc/x86_64-linux-gnu/13 -L/usr/lib/gcc/x86_64-linux-gnu/13/../../../x86_64-linux-gnu -L/usr/lib/gcc/x86_64-linux-gnu/13/../../../../lib -L/lib/x86_64-linux-gnu -L/lib/../lib -L/usr/lib/x86_64-linux-gnu -L/usr/lib/../lib -L/opt/venv/lib/python3.12/site-packages/_rocm_sdk_devel/lib/host-math/lib -L/opt/venv/lib/python3.12/site-packages/_rocm_sdk_devel/lib/rocm_sysdeps/lib -L/usr/lib/gcc/x86_64-linux-gnu/13/../../.. /tmp/cc9CoJf2.o -lgcc --push-state --as-needed -lgcc_s --pop-state -lc -lgcc --push-state --as-needed -lgcc_s --pop-state /usr/lib/gcc/x86_64-linux-gnu/13/crtendS.o /usr/lib/gcc/x86_64-linux-gnu/13/../../../x86_64-linux-gnu/crtn.o' ::     0.086323 sec
W0928 13:46:43.428460  529492 simple_timer.cpp:55] [rocprofv3] output generation ::     0.000859 sec
W0928 13:46:43.428541  529492 simple_timer.cpp:55] [rocprofv3] tool finalization ::     0.000995 sec
W0928 13:46:43.432418  529481 simple_timer.cpp:55] [rocprofv3] '/usr/bin/gcc /tmp/tmpwa_pyl3t/hip_utils.c -O3 -shared -fPIC -Wno-psabi -o /tmp/tmp8ldu9vaj/hip_utils.cpython-312-x86_64-linux-gnu.so -I/home/jbowley/repos/triton_gfx950-tutorial-v2.1/third_party/amd/backend/include -I/tmp/tmp8ldu9vaj -I/usr/include/python3.12' ::     0.552698 sec
W0928 13:46:43.433645  529481 simple_timer.cpp:55] [rocprofv3] output generation ::     0.001121 sec
W0928 13:46:43.433706  529481 simple_timer.cpp:55] [rocprofv3] tool finalization ::     0.001250 sec
W0928 13:46:46.636080  529309 simple_timer.cpp:55] [rocprofv3] '/opt/venv/bin/python /home/jbowley/repos/gfx950-gluon-tutorials/experiments/aiter_256x256_loss_investigation/run_compare.py --worker --version 9 --M 32768 --N 5120 --K 640 --iters 1000 --rotating-buffer-size 512' ::     5.048666 sec
E0928 13:46:46.648114  529309 output_stream.cpp:111] Opened result file: /home/jbowley/repos/gfx950-gluon-tutorials/experiments/aiter_256x256_loss_investigation/results/rocprof_xge3z5s4/smci355-ccs-aus-m01-29/529309_kernel_trace.csv
E0928 13:46:46.652813  529309 output_stream.cpp:111] Opened result file: /home/jbowley/repos/gfx950-gluon-tutorials/experiments/aiter_256x256_loss_investigation/results/rocprof_xge3z5s4/smci355-ccs-aus-m01-29/529309_agent_info.csv
W0928 13:46:46.653818  529309 simple_timer.cpp:55] [rocprofv3] output generation ::     0.010347 sec
W0928 13:46:46.655614  529309 simple_timer.cpp:55] [rocprofv3] tool finalization ::     0.012172 sec
